Component: ARM Compiler 6.15 Tool: armlink [5dd79300]

==============================================================================

Section Cross References

    main.o(.ARM.exidx.text.delay_sync) refers to main.o(.text.delay_sync) for [Anonymous Symbol]
    main.o(.text.handleButtons) refers to timers.o(.text.Start_Timer0) for Start_Timer0
    main.o(.text.handleButtons) refers to btn.o(.text.BTN_DisableInt) for BTN_DisableInt
    main.o(.ARM.exidx.text.handleButtons) refers to main.o(.text.handleButtons) for [Anonymous Symbol]
    main.o(.text.debounceClock) refers to btn.o(.text.BTN_Get) for BTN_Get
    main.o(.text.debounceClock) refers to main.o(.bss.debounceTicks) for debounceTicks
    main.o(.text.debounceClock) refers to main.o(.data.userSpeed) for userSpeed
    main.o(.text.debounceClock) refers to timers.o(.text.Stop_Timer0) for Stop_Timer0
    main.o(.text.debounceClock) refers to btn.o(.text.BTN_EnableInt) for BTN_EnableInt
    main.o(.text.debounceClock) refers to pwm.o(.text.Min_duty_cycle) for Min_duty_cycle
    main.o(.text.debounceClock) refers to pwm.o(.text.Max_duty_cycle) for Max_duty_cycle
    main.o(.ARM.exidx.text.debounceClock) refers to main.o(.text.debounceClock) for [Anonymous Symbol]
    main.o(.text.measureTime) refers to main.o(.bss.pulses) for pulses
    main.o(.text.measureTime) refers to encoder.o(.text.measure_Speed) for measure_Speed
    main.o(.text.measureTime) refers to main.o(.data.userSpeed) for userSpeed
    main.o(.text.measureTime) refers to main.o(.bss.currentSpeed) for currentSpeed
    main.o(.text.measureTime) refers to pwm.o(.text.disminuir_duty_cycle) for disminuir_duty_cycle
    main.o(.text.measureTime) refers to pwm.o(.text.aumentar_duty_cycle) for aumentar_duty_cycle
    main.o(.text.measureTime) refers to serial.o(.text.SER_OutString) for SER_OutString
    main.o(.text.measureTime) refers to serial.o(.text.SER_PutDec) for SER_PutDec
    main.o(.text.measureTime) refers to serial.o(.text.SER_PutChar) for SER_PutChar
    main.o(.text.measureTime) refers to lcd.o(.text.LCD_OutString) for LCD_OutString
    main.o(.text.measureTime) refers to lcd.o(.text.LCD_setCursor) for LCD_setCursor
    main.o(.text.measureTime) refers to lcd.o(.text.LCD_OutUDec) for LCD_OutUDec
    main.o(.text.measureTime) refers to lcd.o(.text.LCD_ReturnHome) for LCD_ReturnHome
    main.o(.ARM.exidx.text.measureTime) refers to main.o(.text.measureTime) for [Anonymous Symbol]
    main.o(.text.main) refers to btn.o(.text.BTN_Initialize) for BTN_Initialize
    main.o(.text.main) refers to serial.o(.text.SER_Initialize) for SER_Initialize
    main.o(.text.main) refers to pwm.o(.text.PWM_config) for PWM_config
    main.o(.text.main) refers to systick.o(.text.initSysTick1ms) for initSysTick1ms
    main.o(.text.main) refers to encoder.o(.text.init_Encoder) for init_Encoder
    main.o(.text.main) refers to lcd.o(.text.LCD_Init) for LCD_Init
    main.o(.text.main) refers to lcd.o(.text.LCD_Clear) for LCD_Clear
    main.o(.text.main) refers to main.o(.text.handleButtons) for handleButtons
    main.o(.text.main) refers to btn.o(.text.BTN_SetupInt) for BTN_SetupInt
    main.o(.text.main) refers to main.o(.text.debounceClock) for debounceClock
    main.o(.text.main) refers to timers.o(.text.Init_Timer0) for Init_Timer0
    main.o(.text.main) refers to main.o(.text.measureTime) for measureTime
    main.o(.text.main) refers to timers.o(.text.Init_Timer2) for Init_Timer2
    main.o(.text.main) refers to timers.o(.text.Start_Timer2) for Start_Timer2
    main.o(.text.main) refers to main.o(.bss.pulses) for pulses
    main.o(.text.main) refers to encoder.o(.text.check_Encoder) for check_Encoder
    main.o(.ARM.exidx.text.main) refers to main.o(.text.main) for [Anonymous Symbol]
    pwm.o(.ARM.exidx.text.PWM_config) refers to pwm.o(.text.PWM_config) for [Anonymous Symbol]
    pwm.o(.ARM.exidx.text.aumentar_duty_cycle) refers to pwm.o(.text.aumentar_duty_cycle) for [Anonymous Symbol]
    pwm.o(.ARM.exidx.text.disminuir_duty_cycle) refers to pwm.o(.text.disminuir_duty_cycle) for [Anonymous Symbol]
    pwm.o(.ARM.exidx.text.Max_duty_cycle) refers to pwm.o(.text.Max_duty_cycle) for [Anonymous Symbol]
    pwm.o(.ARM.exidx.text.Min_duty_cycle) refers to pwm.o(.text.Min_duty_cycle) for [Anonymous Symbol]
    pwm.o(.ARM.exidx.text.Establecer_duty_cycle) refers to pwm.o(.text.Establecer_duty_cycle) for [Anonymous Symbol]
    timers.o(.text.TIMER0A_Handler) refers to timers.o(.bss.PeriodicTask) for PeriodicTask
    timers.o(.ARM.exidx.text.TIMER0A_Handler) refers to timers.o(.text.TIMER0A_Handler) for [Anonymous Symbol]
    timers.o(.text.Init_Timer0) refers to timers.o(.bss.PeriodicTask) for PeriodicTask
    timers.o(.text.Init_Timer0) refers to system_tm4c129.o(.data.SystemCoreClock) for SystemCoreClock
    timers.o(.text.Init_Timer0) refers to timers.o(.text.__NVIC_SetPriority) for __NVIC_SetPriority
    timers.o(.text.Init_Timer0) refers to timers.o(.text.__NVIC_EnableIRQ) for __NVIC_EnableIRQ
[...]
    rtexit2.o(.ARM.exidx) refers to rtexit2.o(.ARM.Collect$$rtexit$$00000003) for .ARM.Collect$$rtexit$$00000003
    rtexit2.o(.ARM.exidx) refers to rtexit2.o(.ARM.Collect$$rtexit$$00000004) for .ARM.Collect$$rtexit$$00000004
    maybetermalloc2.o(.text) refers (Special) to term_alloc.o(.text) for _terminate_alloc
    h1_extend.o(.text) refers to h1_free.o(.text) for free
    h1_init_threads.o(.text) refers to mutex_dummy.o(.text) for _mutex_initialize
    h1_extend_threads.o(.text) refers to h1_free_threads.o(.text) for free_internal$concurrent
    fflush.o(.text) refers to stdio.o(.text) for _fflush
    fflush.o(.text) refers to fseek.o(.text) for _fseek
    fflush.o(.text) refers to stdio_streams.o(.bss) for __stdin
    fputs.o(.text) refers to fputc.o(i.fputc) for fputc
    ftell.o(.text) refers to rt_errno_addr_intlibspace.o(.text) for __aeabi_errno_addr
    fflush_locked.o(.text) refers to stdio.o(.text) for _fflush
    fflush_locked.o(.text) refers to fseek.o(.text) for _fseek
    fflush_locked.o(.text) refers to fflush.o(.text) for _do_fflush
    fflush_locked.o(.text) refers to streamlock.o(.data) for _stream_list_lock
    fflush_locked.o(.text) refers to stdio_streams.o(.bss) for __stdin
    __raise.o(.text) refers to defsig.o(CL$$defsig) for __default_signal_handler
    defsig_general.o(.text) refers to sys_wrch.o(.text) for _ttywrch
    defsig_rtmem_outer.o(.text) refers to defsig_rtmem_inner.o(.text) for __rt_SIGRTMEM_inner
    defsig_rtmem_outer.o(.text) refers to defsig_exit.o(.text) for __sig_exit
    defsig_rtmem_formal.o(.text) refers to rt_raise.o(.text) for __rt_raise
    rt_memcpy_v6.o(.text) refers to rt_memcpy_w.o(.text) for __aeabi_memcpy4
    heapauxa.o(.text) refers to heapauxa.o(.data) for .data
    _get_argv.o(.text) refers (Special) to hrguard.o(.text) for __heap_region$guard
    _get_argv.o(.text) refers to h1_alloc.o(.text) for malloc
    _get_argv.o(.text) refers to defsig_rtmem_outer.o(.text) for __rt_SIGRTMEM
    _get_argv.o(.text) refers to sys_command.o(.text) for _sys_command_string
    _get_argv_nomalloc.o(.text) refers (Special) to hrguard.o(.text) for __heap_region$guard
    _get_argv_nomalloc.o(.text) refers to defsig_rtmem_outer.o(.text) for __rt_SIGRTMEM
    _get_argv_nomalloc.o(.text) refers to sys_command.o(.text) for _sys_command_string
    sys_wrch.o(.text) refers (Special) to use_no_semi.o(.text) for __I$use$semihosting
    sys_wrch.o(.text) refers (Special) to indicate_semi.o(.text) for __semihosting_library_function
    sys_command.o(.text) refers (Special) to use_no_semi.o(.text) for __I$use$semihosting
    sys_command.o(.text) refers (Special) to indicate_semi.o(.text) for __semihosting_library_function
    sys_wrch_hlt.o(.text) refers (Special) to use_no_semi.o(.text) for __I$use$semihosting
    sys_wrch_hlt.o(.text) refers (Special) to indicate_semi.o(.text) for __semihosting_library_function
    sys_command_hlt.o(.text) refers (Special) to use_no_semi.o(.text) for __I$use$semihosting
    sys_command_hlt.o(.text) refers (Special) to indicate_semi.o(.text) for __semihosting_library_function
    rt_errno_addr.o(.text) refers to rt_errno_addr.o(.bss) for __aeabi_errno_addr_data
    rt_errno_addr_intlibspace.o(.text) refers to libspace.o(.bss) for __libspace_start
    term_alloc.o(.text) refers (Special) to libshutdown2.o(.ARM.Collect$$libshutdown$$0000000E) for __rt_lib_shutdown_heap_2
    term_alloc.o(.text) refers to rt_heap_descriptor_intlibspace.o(.text) for __rt_heap_descriptor
    term_alloc.o(.text) refers to h1_final.o(.text) for __Heap_Finalize
    defsig_rtmem_inner.o(.text) refers to defsig_general.o(.text) for __default_signal_display
    defsig.o(CL$$defsig) refers to defsig_fpe_inner.o(.text) for __rt_SIGFPE_inner
    defsig.o(CL$$defsig) refers to defsig_rtred_inner.o(.text) for __rt_SIGRTRED_inner
    defsig.o(CL$$defsig) refers to defsig_rtmem_inner.o(.text) for __rt_SIGRTMEM_inner
    libshutdown.o(.ARM.Collect$$libshutdown$$00000000) refers (Special) to libshutdown2.o(.ARM.Collect$$libshutdown$$00000002) for __rt_lib_shutdown_cpp_1
    libshutdown.o(.ARM.Collect$$libshutdown$$00000000) refers (Special) to libshutdown2.o(.ARM.Collect$$libshutdown$$00000007) for __rt_lib_shutdown_fp_trap_1
    libshutdown.o(.ARM.Collect$$libshutdown$$00000000) refers (Special) to libshutdown2.o(.ARM.Collect$$libshutdown$$0000000F) for __rt_lib_shutdown_heap_1
    libshutdown.o(.ARM.Collect$$libshutdown$$00000000) refers (Special) to libshutdown2.o(.ARM.Collect$$libshutdown$$00000010) for __rt_lib_shutdown_return
    libshutdown.o(.ARM.Collect$$libshutdown$$00000000) refers (Special) to libshutdown2.o(.ARM.Collect$$libshutdown$$0000000A) for __rt_lib_shutdown_signal_1
    libshutdown.o(.ARM.Collect$$libshutdown$$00000000) refers (Special) to libshutdown2.o(.ARM.Collect$$libshutdown$$00000004) for __rt_lib_shutdown_stdio_1
    libshutdown.o(.ARM.Collect$$libshutdown$$00000000) refers (Special) to libshutdown2.o(.ARM.Collect$$libshutdown$$0000000C) for __rt_lib_shutdown_user_alloc_1
    defsig_abrt_inner.o(.text) refers to defsig_general.o(.text) for __default_signal_display
    defsig_stak_inner.o(.text) refers to defsig_general.o(.text) for __default_signal_display
    defsig_pvfn_inner.o(.text) refers to defsig_general.o(.text) for __default_signal_display
    defsig_cppl_inner.o(.text) refers to defsig_general.o(.text) for __default_signal_display
    defsig_segv_inner.o(.text) refers to defsig_general.o(.text) for __default_signal_display
    defsig_other.o(.text) refers to defsig_general.o(.text) for __default_signal_display


==============================================================================

Removing Unused input sections from the image.

    Removing main.o(.text), (0 bytes).
    Removing main.o(.text.delay_sync), (40 bytes).
    Removing main.o(.ARM.exidx.text.delay_sync), (8 bytes).
    Removing main.o(.ARM.exidx.text.handleButtons), (8 bytes).
    Removing main.o(.ARM.exidx.text.debounceClock), (8 bytes).
    Removing main.o(.ARM.exidx.text.measureTime), (8 bytes).
    Removing main.o(.ARM.exidx.text.main), (8 bytes).
    Removing main.o(.ARM.use_no_argv), (4 bytes).
    Removing pwm.o(.text), (0 bytes).
    Removing pwm.o(.ARM.exidx.text.PWM_config), (8 bytes).
    Removing pwm.o(.ARM.exidx.text.aumentar_duty_cycle), (8 bytes).
    Removing pwm.o(.ARM.exidx.text.disminuir_duty_cycle), (8 bytes).
    Removing pwm.o(.ARM.exidx.text.Max_duty_cycle), (8 bytes).
    Removing pwm.o(.ARM.exidx.text.Min_duty_cycle), (8 bytes).
    Removing pwm.o(.text.Establecer_duty_cycle), (12 bytes).
    Removing pwm.o(.ARM.exidx.text.Establecer_duty_cycle), (8 bytes).
    Removing timers.o(.text), (0 bytes).
    Removing timers.o(.ARM.exidx.text.TIMER0A_Handler), (8 bytes).
    Removing timers.o(.ARM.exidx.text.Init_Timer0), (8 bytes).
    Removing timers.o(.ARM.exidx.text.__NVIC_SetPriority), (8 bytes).
    Removing timers.o(.ARM.exidx.text.__NVIC_EnableIRQ), (8 bytes).
    Removing timers.o(.ARM.exidx.text.Start_Timer0), (8 bytes).
    Removing timers.o(.ARM.exidx.text.Stop_Timer0), (8 bytes).
    Removing timers.o(.ARM.exidx.text.TIMER1A_Handler), (8 bytes).
    Removing timers.o(.text.Init_Timer1), (108 bytes).
    Removing timers.o(.ARM.exidx.text.Init_Timer1), (8 bytes).
    Removing timers.o(.text.Start_Timer1), (18 bytes).
    Removing timers.o(.ARM.exidx.text.Start_Timer1), (8 bytes).
    Removing timers.o(.text.Stop_Timer1), (20 bytes).
    Removing timers.o(.ARM.exidx.text.Stop_Timer1), (8 bytes).
    Removing timers.o(.ARM.exidx.text.TIMER2A_Handler), (8 bytes).
    Removing timers.o(.ARM.exidx.text.Init_Timer2), (8 bytes).
    Removing timers.o(.ARM.exidx.text.Start_Timer2), (8 bytes).
    Removing timers.o(.text.Stop_Timer2), (20 bytes).
    Removing timers.o(.ARM.exidx.text.Stop_Timer2), (8 bytes).
    Removing btn.o(.text), (0 bytes).
    Removing btn.o(.ARM.exidx.text.BTN_Initialize), (8 bytes).
    Removing btn.o(.ARM.exidx.text.BTN_Get), (8 bytes).
    Removing btn.o(.ARM.exidx.text.BTN_SetupInt), (8 bytes).
    Removing btn.o(.ARM.exidx.text.__NVIC_SetPriority), (8 bytes).
    Removing btn.o(.ARM.exidx.text.__NVIC_EnableIRQ), (8 bytes).
    Removing btn.o(.ARM.exidx.text.BTN_DisableInt), (8 bytes).
    Removing btn.o(.ARM.exidx.text.__NVIC_DisableIRQ), (8 bytes).
    Removing btn.o(.ARM.exidx.text.BTN_EnableInt), (8 bytes).
    Removing btn.o(.ARM.exidx.text.GPIOA_Handler), (8 bytes).
    Removing lcd.o(.text), (0 bytes).
    Removing lcd.o(.text.DefDelayUs), (30 bytes).
    Removing lcd.o(.ARM.exidx.text.DefDelayUs), (8 bytes).
    Removing lcd.o(.ARM.exidx.text.SysCtlDelay), (8 bytes).
    Removing lcd.o(.ARM.exidx.text.DelayUs), (8 bytes).
    Removing lcd.o(.ARM.exidx.text.OutCmd), (8 bytes).
    Removing lcd.o(.ARM.exidx.text.LCD_Init), (8 bytes).
    Removing lcd.o(.ARM.exidx.text.LCD_Clear), (8 bytes).
    Removing lcd.o(.ARM.exidx.text.LCD_OutChar), (8 bytes).
    Removing lcd.o(.ARM.exidx.text.LCD_OutString), (8 bytes).
    Removing lcd.o(.ARM.exidx.text.LCD_OutUDec), (8 bytes).
    Removing lcd.o(.text.LCD_OutUTime), (22 bytes).
    Removing lcd.o(.ARM.exidx.text.LCD_OutUTime), (8 bytes).
    Removing lcd.o(.text.LCD_OutUHex), (44 bytes).
    Removing lcd.o(.ARM.exidx.text.LCD_OutUHex), (8 bytes).
    Removing lcd.o(.ARM.exidx.text.LCD_ReturnHome), (8 bytes).
    Removing lcd.o(.ARM.exidx.text.LCD_setCursor), (8 bytes).
    Removing systick.o(.text), (0 bytes).
    Removing systick.o(.ARM.exidx.text.SysTick_Handler), (8 bytes).
    Removing systick.o(.text.delay), (32 bytes).
    Removing systick.o(.ARM.exidx.text.delay), (8 bytes).
    Removing systick.o(.text.initCycle), (24 bytes).
    Removing systick.o(.ARM.exidx.text.initCycle), (8 bytes).
    Removing systick.o(.text.waitEndCycle), (42 bytes).
    Removing systick.o(.ARM.exidx.text.waitEndCycle), (8 bytes).
    Removing systick.o(.text.singleTest), (224 bytes).
    Removing systick.o(.ARM.exidx.text.singleTest), (8 bytes).
    Removing systick.o(.text.MultipleTest), (92 bytes).
    Removing systick.o(.ARM.exidx.text.MultipleTest), (8 bytes).
    Removing systick.o(.ARM.exidx.text.initSysTick1ms), (8 bytes).
    Removing systick.o(.ARM.exidx.text.SysTick_Config), (8 bytes).
    Removing systick.o(.text.disableSysTick), (18 bytes).
    Removing systick.o(.ARM.exidx.text.disableSysTick), (8 bytes).
    Removing systick.o(.text.enableSysTick), (18 bytes).
    Removing systick.o(.ARM.exidx.text.enableSysTick), (8 bytes).
    Removing systick.o(.ARM.exidx.text.__NVIC_SetPriority), (8 bytes).
    Removing systick.o(.bss.exceeded_dead_time), (4 bytes).
    Removing systick.o(.bss.curTicks), (4 bytes).
    Removing encoder.o(.text), (0 bytes).
    Removing encoder.o(.ARM.exidx.text.init_Encoder), (8 bytes).
    Removing encoder.o(.ARM.exidx.text.check_Encoder), (8 bytes).
    Removing encoder.o(.ARM.exidx.text.measure_Speed), (8 bytes).
    Removing serial.o(.text), (0 bytes).
    Removing serial.o(.ARM.exidx.text.SER_Initialize), (8 bytes).
    Removing serial.o(.ARM.exidx.text.SER_PutChar), (8 bytes).
    Removing serial.o(.ARM.exidx.text.SER_OutString), (8 bytes).
    Removing serial.o(.ARM.exidx.text.SER_PutDec), (8 bytes).
    Removing serial.o(.text.SER_GetChar), (20 bytes).
    Removing serial.o(.ARM.exidx.text.SER_GetChar), (8 bytes).
    Removing system_tm4c129.o(.text), (0 bytes).
    Removing system_tm4c129.o(.ARM.exidx.text.SystemCoreClockUpdate), (8 bytes).
    Removing system_tm4c129.o(.ARM.exidx.text.SystemInit), (8 bytes).

97 unused section(s) (total 1340 bytes) removed from the image.

==============================================================================

Image Symbol Table

    Local Symbols

    Symbol Name                              Value     Ov Type        Size  Object(Section)

    ../clib/angel/boardlib.s                 0x00000000   Number         0  boardinit1.o ABSOLUTE
    ../clib/angel/boardlib.s                 0x00000000   Number         0  boardinit2.o ABSOLUTE
    ../clib/angel/boardlib.s                 0x00000000   Number         0  boardinit3.o ABSOLUTE
    ../clib/angel/boardlib.s                 0x00000000   Number         0  boardshut.o ABSOLUTE
    ../clib/angel/handlers.s                 0x00000000   Number         0  __scatter_copy.o ABSOLUTE
    ../clib/angel/handlers.s                 0x00000000   Number         0  __scatter_zi.o ABSOLUTE
    ../clib/angel/kernel.s                   0x00000000   Number         0  __rtentry.o ABSOLUTE
    ../clib/angel/kernel.s                   0x00000000   Number         0  __rtentry2.o ABSOLUTE
    ../clib/angel/kernel.s                   0x00000000   Number         0  __rtentry4.o ABSOLUTE
    ../clib/angel/kernel.s                   0x00000000   Number         0  rtexit.o ABSOLUTE
    ../clib/angel/kernel.s                   0x00000000   Number         0  rtexit2.o ABSOLUTE
    ../clib/angel/rt.s                       0x00000000   Number         0  aeabi_ldiv0.o ABSOLUTE
    ../clib/angel/rt.s                       0x00000000   Number         0  aeabi_ldiv0_sigfpe.o ABSOLUTE
    ../clib/angel/rt.s                       0x00000000   Number         0  rt_div0.o ABSOLUTE
    ../clib/angel/rt.s                       0x00000000   Number         0  rt_raise.o ABSOLUTE
    ../clib/angel/rt.s                       0x00000000   Number         0  rt_heap_descriptor.o ABSOLUTE
    ../clib/angel/rt.s                       0x00000000   Number         0  rt_heap_descriptor_intlibspace.o ABSOLUTE
    ../clib/angel/rt.s                       0x00000000   Number         0  rt_errno_addr.o ABSOLUTE
    ../clib/angel/rt.s                       0x00000000   Number         0  rt_errno_addr_intlibspace.o ABSOLUTE
    ../clib/angel/scatter.s                  0x00000000   Number         0  __scatter.o ABSOLUTE
    ../clib/angel/startup.s                  0x00000000   Number         0  __main.o ABSOLUTE
    ../clib/angel/sys.s                      0x00000000   Number         0  mutex_dummy.o ABSOLUTE
    ../clib/angel/sys.s                      0x00000000   Number         0  sys_stackheap_outer.o ABSOLUTE
    ../clib/angel/sys.s                      0x00000000   Number         0  libspace.o ABSOLUTE
    ../clib/angel/sys.s                      0x00000000   Number         0  use_no_semi.o ABSOLUTE
    ../clib/angel/sys.s                      0x00000000   Number         0  indicate_semi.o ABSOLUTE
    ../clib/angel/sysapp.c                   0x00000000   Number         0  sys_io_names.o ABSOLUTE
    ../clib/angel/sysapp.c                   0x00000000   Number         0  sys_io.o ABSOLUTE
    ../clib/angel/sysapp.c                   0x00000000   Number         0  sys_io_hlt.o ABSOLUTE
    ../clib/angel/sysapp.c                   0x00000000   Number         0  sys_exit.o ABSOLUTE
    ../clib/angel/sysapp.c                   0x00000000   Number         0  sys_exit_hlt.o ABSOLUTE
    ../clib/angel/sysapp.c                   0x00000000   Number         0  sys_wrch.o ABSOLUTE
    ../clib/angel/sysapp.c                   0x00000000   Number         0  sys_command.o ABSOLUTE
    ../clib/angel/sysapp.c                   0x00000000   Number         0  sys_wrch_hlt.o ABSOLUTE
    ../clib/angel/sysapp.c                   0x00000000   Number         0  sys_command_hlt.o ABSOLUTE
    ../clib/armsys.c                         0x00000000   Number         0  argv_veneer.o ABSOLUTE
    ../clib/armsys.c                         0x00000000   Number         0  argv_veneer.o ABSOLUTE
    ../clib/armsys.c                         0x00000000   Number         0  _get_argv.o ABSOLUTE
    ../clib/armsys.c                         0x00000000   Number         0  _get_argv_nomalloc.o ABSOLUTE
    ../clib/armsys.c                         0x00000000   Number         0  no_argv.o ABSOLUTE
    ../clib/assert.c                         0x00000000   Number         0  assert_stdio.o ABSOLUTE
    ../clib/heap1.c                          0x00000000   Number         0  h1_free.o ABSOLUTE
    ../clib/heap1.c                          0x00000000   Number         0  h1_free_threads.o ABSOLUTE
    ../clib/heap1.c                          0x00000000   Number         0  h1_alloc.o ABSOLUTE
    ../clib/heap1.c                          0x00000000   Number         0  h1_alloc_threads.o ABSOLUTE
    ../clib/heap1.c                          0x00000000   Number         0  h1_init.o ABSOLUTE
    ../clib/heap1.c                          0x00000000   Number         0  h1_extend.o ABSOLUTE
    ../clib/heap1.c                          0x00000000   Number         0  h1_init_threads.o ABSOLUTE
    ../clib/heap1.c                          0x00000000   Number         0  h1_extend_threads.o ABSOLUTE
    ../clib/heap1.c                          0x00000000   Number         0  h1_final.o ABSOLUTE
    ../clib/heap1.c                          0x00000000   Number         0  h1_final_threads.o ABSOLUTE
    ../clib/heap2.c                          0x00000000   Number         0  heap2.o ABSOLUTE
    ../clib/heap2.c                          0x00000000   Number         0  heap2_threads.o ABSOLUTE
    ../clib/heap2.c                          0x00000000   Number         0  fdtree.o ABSOLUTE
    ../clib/heapalloc.c                      0x00000000   Number         0  free.o ABSOLUTE
    ../clib/heapalloc.c                      0x00000000   Number         0  hguard.o ABSOLUTE
    ../clib/heapalloc.c                      0x00000000   Number         0  init_alloc.o ABSOLUTE
    ../clib/heapalloc.c                      0x00000000   Number         0  malloc.o ABSOLUTE
    ../clib/heapalloc.c                      0x00000000   Number         0  heapstubs.o ABSOLUTE
    ../clib/heapalloc.c                      0x00000000   Number         0  hrguard.o ABSOLUTE
    ../clib/heapalloc.c                      0x00000000   Number         0  term_alloc.o ABSOLUTE
    ../clib/heapaux.c                        0x00000000   Number         0  heapauxi.o ABSOLUTE
    ../clib/heapaux.c                        0x00000000   Number         0  heapauxa.o ABSOLUTE
    ../clib/libinit.s                        0x00000000   Number         0  libinit.o ABSOLUTE
    ../clib/libinit.s                        0x00000000   Number         0  libinit2.o ABSOLUTE
    ../clib/libinit.s                        0x00000000   Number         0  libshutdown2.o ABSOLUTE
    ../clib/libinit.s                        0x00000000   Number         0  libshutdown.o ABSOLUTE
    ../clib/longlong.s                       0x00000000   Number         0  lludivv7m.o ABSOLUTE
    ../clib/longlong.s                       0x00000000   Number         0  lludiv10.o ABSOLUTE
    ../clib/maybe.s                          0x00000000   Number         0  maybetermalloc1.o ABSOLUTE
    ../clib/maybe.s                          0x00000000   Number         0  maybetermalloc2.o ABSOLUTE
    ../clib/memcpset.s                       0x00000000   Number         0  rt_memclr_w.o ABSOLUTE
    ../clib/memcpset.s                       0x00000000   Number         0  rt_memcpy_w.o ABSOLUTE
    ../clib/memcpset.s                       0x00000000   Number         0  rt_memcpy_v6.o ABSOLUTE
    ../clib/misc.s                           0x00000000   Number         0  printf_stubs.o ABSOLUTE
    ../clib/printf.c                         0x00000000   Number         0  __2printf.o ABSOLUTE
    ../clib/printf.c                         0x00000000   Number         0  noretval__2printf.o ABSOLUTE
    ../clib/printf.c                         0x00000000   Number         0  __printf.o ABSOLUTE
    ../clib/printf.c                         0x00000000   Number         0  _printf_dec.o ABSOLUTE
    ../clib/printf.c                         0x00000000   Number         0  _printf_longlong_dec.o ABSOLUTE
    ../clib/printf.c                         0x00000000   Number         0  __printf_flags.o ABSOLUTE
    ../clib/printf.c                         0x00000000   Number         0  __printf_ss.o ABSOLUTE
    ../clib/printf.c                         0x00000000   Number         0  __printf_flags_ss.o ABSOLUTE
    ../clib/printf.c                         0x00000000   Number         0  __printf_wp.o ABSOLUTE
    ../clib/printf.c                         0x00000000   Number         0  __printf_flags_wp.o ABSOLUTE
    ../clib/printf.c                         0x00000000   Number         0  __printf_ss_wp.o ABSOLUTE
    ../clib/printf.c                         0x00000000   Number         0  __printf_flags_ss_wp.o ABSOLUTE
    ../clib/printf.c                         0x00000000   Number         0  _printf_intcommon.o ABSOLUTE
    ../clib/printf.c                         0x00000000   Number         0  _printf_char_file.o ABSOLUTE
    ../clib/printf.c                         0x00000000   Number         0  _printf_char_common.o ABSOLUTE
    ../clib/printf.c                         0x00000000   Number         0  __printf_nopercent.o ABSOLUTE
    ../clib/printf.c                         0x00000000   Number         0  _printf_char_file_locked.o ABSOLUTE
    ../clib/printf_percent.s                 0x00000000   Number         0  _printf_d.o ABSOLUTE
    ../clib/printf_percent.s                 0x00000000   Number         0  _printf_u.o ABSOLUTE
    ../clib/printf_percent.s                 0x00000000   Number         0  _printf_percent.o ABSOLUTE
    ../clib/printf_percent.s                 0x00000000   Number         0  _printf_llu.o ABSOLUTE
    ../clib/printf_percent.s                 0x00000000   Number         0  _printf_percent_end.o ABSOLUTE
    ../clib/printf_percent.s                 0x00000000   Number         0  _printf_ll.o ABSOLUTE
    ../clib/signal.c                         0x00000000   Number         0  defsig_fpe_outer.o ABSOLUTE
    ../clib/signal.c                         0x00000000   Number         0  defsig_fpe_formal.o ABSOLUTE
    ../clib/signal.c                         0x00000000   Number         0  defsig_rtred_outer.o ABSOLUTE
    ../clib/signal.c                         0x00000000   Number         0  defsig_rtred_formal.o ABSOLUTE
    ../clib/signal.c                         0x00000000   Number         0  defsig_exit.o ABSOLUTE
    ../clib/signal.c                         0x00000000   Number         0  defsig_fpe_inner.o ABSOLUTE
    ../clib/signal.c                         0x00000000   Number         0  defsig_rtred_inner.o ABSOLUTE
    ../clib/signal.c                         0x00000000   Number         0  __raise.o ABSOLUTE
    ../clib/signal.c                         0x00000000   Number         0  defsig_general.o ABSOLUTE
    ../clib/signal.c                         0x00000000   Number         0  defsig_rtmem_outer.o ABSOLUTE
    ../clib/signal.c                         0x00000000   Number         0  defsig_rtmem_formal.o ABSOLUTE
    ../clib/signal.c                         0x00000000   Number         0  defsig_rtmem_inner.o ABSOLUTE
    ../clib/signal.c                         0x00000000   Number         0  defsig_abrt_inner.o ABSOLUTE
    ../clib/signal.c                         0x00000000   Number         0  defsig_stak_inner.o ABSOLUTE
    ../clib/signal.c                         0x00000000   Number         0  defsig_pvfn_inner.o ABSOLUTE
    ../clib/signal.c                         0x00000000   Number         0  defsig_cppl_inner.o ABSOLUTE
    ../clib/signal.c                         0x00000000   Number         0  defsig_segv_inner.o ABSOLUTE
    ../clib/signal.c                         0x00000000   Number         0  defsig_other.o ABSOLUTE
    ../clib/signal.s                         0x00000000   Number         0  defsig.o ABSOLUTE
    ../clib/stdio.c                          0x00000000   Number         0  stdio_streams.o ABSOLUTE
    ../clib/stdio.c                          0x00000000   Number         0  ferror.o ABSOLUTE
    ../clib/stdio.c                          0x00000000   Number         0  fputc.o ABSOLUTE
    ../clib/stdio.c                          0x00000000   Number         0  initio.o ABSOLUTE
    ../clib/stdio.c                          0x00000000   Number         0  fputc_locked.o ABSOLUTE
    ../clib/stdio.c                          0x00000000   Number         0  ferror_locked.o ABSOLUTE
    ../clib/stdio.c                          0x00000000   Number         0  initio_locked.o ABSOLUTE
    ../clib/stdio.c                          0x00000000   Number         0  flsbuf.o ABSOLUTE
    ../clib/stdio.c                          0x00000000   Number         0  setvbuf.o ABSOLUTE
    ../clib/stdio.c                          0x00000000   Number         0  streamlock.o ABSOLUTE
    ../clib/stdio.c                          0x00000000   Number         0  fopen.o ABSOLUTE
    ../clib/stdio.c                          0x00000000   Number         0  fclose.o ABSOLUTE
    ../clib/stdio.c                          0x00000000   Number         0  setvbuf_locked.o ABSOLUTE
    ../clib/stdio.c                          0x00000000   Number         0  fopen_locked.o ABSOLUTE
    ../clib/stdio.c                          0x00000000   Number         0  fseek.o ABSOLUTE
    ../clib/stdio.c                          0x00000000   Number         0  stdio.o ABSOLUTE
    ../clib/stdio.c                          0x00000000   Number         0  fwritefast.o ABSOLUTE
    ../clib/stdio.c                          0x00000000   Number         0  fwritefast_locked.o ABSOLUTE
    ../clib/stdio.c                          0x00000000   Number         0  fflush.o ABSOLUTE
    ../clib/stdio.c                          0x00000000   Number         0  fputs.o ABSOLUTE
    ../clib/stdio.c                          0x00000000   Number         0  ftell.o ABSOLUTE
    ../clib/stdio.c                          0x00000000   Number         0  fputs_locked.o ABSOLUTE
    ../clib/stdio.c                          0x00000000   Number         0  fflush_locked.o ABSOLUTE
    ../clib/stdlib.c                         0x00000000   Number         0  exit.o ABSOLUTE
    ../clib/string.c                         0x00000000   Number         0  strlen.o ABSOLUTE
    ../clib/wchar.c                          0x00000000   Number         0  flsbuf_fwide.o ABSOLUTE
    ../fplib/fpinit.s                        0x00000000   Number         0  fpinit.o ABSOLUTE
    BTN.c                                    0x00000000   Number         0  btn.o ABSOLUTE
    ENCODER.c                                0x00000000   Number         0  encoder.o ABSOLUTE
    LCD.c                                    0x00000000   Number         0  lcd.o ABSOLUTE
    PWM.c                                    0x00000000   Number         0  pwm.o ABSOLUTE
    RTE/Device/TM4C1294NCPDT/startup_TM4C129.s 0x00000000   Number         0  startup_tm4c129.o ABSOLUTE
    SYSTICK.c                                0x00000000   Number         0  systick.o ABSOLUTE
    Serial.c                                 0x00000000   Number         0  serial.o ABSOLUTE
    TIMERS.c                                 0x00000000   Number         0  timers.o ABSOLUTE
    dc.s                                     0x00000000   Number         0  dc.o ABSOLUTE
    main.c                                   0x00000000   Number         0  main.o ABSOLUTE
    system_TM4C129.c                         0x00000000   Number         0  system_tm4c129.o ABSOLUTE
    RESET                                    0x00000000   Section      512  startup_tm4c129.o(RESET)
    !!!main                                  0x00000200   Section        8  __main.o(!!!main)
    !!!scatter                               0x00000208   Section       52  __scatter.o(!!!scatter)
    !!handler_copy                           0x0000023c   Section       26  __scatter_copy.o(!!handler_copy)
    !!handler_zi                             0x00000258   Section       28  __scatter_zi.o(!!handler_zi)
    .ARM.Collect$$_printf_percent$$00000000  0x00000274   Section        0  _printf_percent.o(.ARM.Collect$$_printf_percent$$00000000)
    .ARM.Collect$$_printf_percent$$00000007  0x00000274   Section       10  _printf_ll.o(.ARM.Collect$$_printf_percent$$00000007)
    .ARM.Collect$$_printf_percent$$00000009  0x0000027e   Section        6  _printf_d.o(.ARM.Collect$$_printf_percent$$00000009)
    .ARM.Collect$$_printf_percent$$0000000A  0x00000284   Section        6  _printf_u.o(.ARM.Collect$$_printf_percent$$0000000A)
    .ARM.Collect$$_printf_percent$$0000000F  0x0000028a   Section        6  _printf_llu.o(.ARM.Collect$$_printf_percent$$0000000F)
    .ARM.Collect$$_printf_percent$$00000017  0x00000290   Section        4  _printf_percent_end.o(.ARM.Collect$$_printf_percent$$00000017)
    .ARM.Collect$$libinit$$00000000          0x00000294   Section        2  libinit.o(.ARM.Collect$$libinit$$00000000)
    .ARM.Collect$$libinit$$00000001          0x00000296   Section        4  libinit2.o(.ARM.Collect$$libinit$$00000001)
    .ARM.Collect$$libinit$$00000004          0x0000029a   Section        0  libinit2.o(.ARM.Collect$$libinit$$00000004)
    .ARM.Collect$$libinit$$0000000A          0x0000029a   Section        0  libinit2.o(.ARM.Collect$$libinit$$0000000A)
    .ARM.Collect$$libinit$$0000000C          0x0000029a   Section        0  libinit2.o(.ARM.Collect$$libinit$$0000000C)
    .ARM.Collect$$libinit$$0000000E          0x0000029a   Section        0  libinit2.o(.ARM.Collect$$libinit$$0000000E)
    .ARM.Collect$$libinit$$00000011          0x0000029a   Section        0  libinit2.o(.ARM.Collect$$libinit$$00000011)
    .ARM.Collect$$libinit$$00000013          0x0000029a   Section        0  libinit2.o(.ARM.Collect$$libinit$$00000013)
    .ARM.Collect$$libinit$$00000015          0x0000029a   Section        0  libinit2.o(.ARM.Collect$$libinit$$00000015)
    .ARM.Collect$$libinit$$00000017          0x0000029a   Section        0  libinit2.o(.ARM.Collect$$libinit$$00000017)
    .ARM.Collect$$libinit$$00000019          0x0000029a   Section        0  libinit2.o(.ARM.Collect$$libinit$$00000019)
    .ARM.Collect$$libinit$$0000001B          0x0000029a   Section        0  libinit2.o(.ARM.Collect$$libinit$$0000001B)
    .ARM.Collect$$libinit$$0000001D          0x0000029a   Section        0  libinit2.o(.ARM.Collect$$libinit$$0000001D)
    .ARM.Collect$$libinit$$0000001F          0x0000029a   Section        0  libinit2.o(.ARM.Collect$$libinit$$0000001F)
    .ARM.Collect$$libinit$$00000021          0x0000029a   Section        0  libinit2.o(.ARM.Collect$$libinit$$00000021)
    .ARM.Collect$$libinit$$00000023          0x0000029a   Section        0  libinit2.o(.ARM.Collect$$libinit$$00000023)
    .ARM.Collect$$libinit$$00000025          0x0000029a   Section        0  libinit2.o(.ARM.Collect$$libinit$$00000025)
    .ARM.Collect$$libinit$$0000002C          0x0000029a   Section        0  libinit2.o(.ARM.Collect$$libinit$$0000002C)
    .ARM.Collect$$libinit$$0000002E          0x0000029a   Section        0  libinit2.o(.ARM.Collect$$libinit$$0000002E)
    .ARM.Collect$$libinit$$00000030          0x0000029a   Section        0  libinit2.o(.ARM.Collect$$libinit$$00000030)
    .ARM.Collect$$libinit$$00000032          0x0000029a   Section        0  libinit2.o(.ARM.Collect$$libinit$$00000032)
    .ARM.Collect$$libinit$$00000033          0x0000029a   Section        2  libinit2.o(.ARM.Collect$$libinit$$00000033)
    .ARM.Collect$$libshutdown$$00000000      0x0000029c   Section        2  libshutdown.o(.ARM.Collect$$libshutdown$$00000000)
    .ARM.Collect$$libshutdown$$00000002      0x0000029e   Section        0  libshutdown2.o(.ARM.Collect$$libshutdown$$00000002)
    .ARM.Collect$$libshutdown$$00000004      0x0000029e   Section        0  libshutdown2.o(.ARM.Collect$$libshutdown$$00000004)
    .ARM.Collect$$libshutdown$$00000007      0x0000029e   Section        0  libshutdown2.o(.ARM.Collect$$libshutdown$$00000007)
    .ARM.Collect$$libshutdown$$0000000A      0x0000029e   Section        0  libshutdown2.o(.ARM.Collect$$libshutdown$$0000000A)
    .ARM.Collect$$libshutdown$$0000000C      0x0000029e   Section        0  libshutdown2.o(.ARM.Collect$$libshutdown$$0000000C)
    .ARM.Collect$$libshutdown$$0000000F      0x0000029e   Section        0  libshutdown2.o(.ARM.Collect$$libshutdown$$0000000F)
    .ARM.Collect$$libshutdown$$00000010      0x0000029e   Section        2  libshutdown2.o(.ARM.Collect$$libshutdown$$00000010)
    .ARM.Collect$$rtentry$$00000000          0x000002a0   Section        0  __rtentry.o(.ARM.Collect$$rtentry$$00000000)
    .ARM.Collect$$rtentry$$00000002          0x000002a0   Section        0  __rtentry2.o(.ARM.Collect$$rtentry$$00000002)
    .ARM.Collect$$rtentry$$00000004          0x000002a0   Section        6  __rtentry4.o(.ARM.Collect$$rtentry$$00000004)
    .ARM.Collect$$rtentry$$00000009          0x000002a6   Section        0  __rtentry2.o(.ARM.Collect$$rtentry$$00000009)
    .ARM.Collect$$rtentry$$0000000A          0x000002a6   Section        4  __rtentry2.o(.ARM.Collect$$rtentry$$0000000A)
    .ARM.Collect$$rtentry$$0000000C          0x000002aa   Section        0  __rtentry2.o(.ARM.Collect$$rtentry$$0000000C)
    .ARM.Collect$$rtentry$$0000000D          0x000002aa   Section        8  __rtentry2.o(.ARM.Collect$$rtentry$$0000000D)
    .ARM.Collect$$rtexit$$00000000           0x000002b2   Section        2  rtexit.o(.ARM.Collect$$rtexit$$00000000)
    .ARM.Collect$$rtexit$$00000002           0x000002b4   Section        0  rtexit2.o(.ARM.Collect$$rtexit$$00000002)
    .ARM.Collect$$rtexit$$00000003           0x000002b4   Section        4  rtexit2.o(.ARM.Collect$$rtexit$$00000003)
    .ARM.Collect$$rtexit$$00000004           0x000002b8   Section        6  rtexit2.o(.ARM.Collect$$rtexit$$00000004)
    $v0                                      0x000002c0   Number         0  startup_tm4c129.o(.text)
    .text                                    0x000002c0   Section      300  startup_tm4c129.o(.text)
    .text                                    0x000003ec   Section        0  _printf_dec.o(.text)
    .text                                    0x00000464   Section        0  _printf_longlong_dec.o(.text)
    .text                                    0x000004e0   Section        0  heapauxi.o(.text)
    .text                                    0x000004e6   Section      138  lludiv10.o(.text)
    .text                                    0x00000570   Section        0  _printf_intcommon.o(.text)
    .text                                    0x00000622   Section       74  sys_stackheap_outer.o(.text)
    .text                                    0x0000066c   Section        0  exit.o(.text)
    .text                                    0x00000680   Section        8  libspace.o(.text)
    .text                                    0x00000688   Section        0  sys_exit.o(.text)
    .text                                    0x00000694   Section        2  use_no_semi.o(.text)
    .text                                    0x00000696   Section        0  indicate_semi.o(.text)
    [Anonymous Symbol]                       0x00000698   Section        0  btn.o(.text.BTN_DisableInt)
    [Anonymous Symbol]                       0x000006a0   Section        0  btn.o(.text.BTN_EnableInt)
    [Anonymous Symbol]                       0x000006a8   Section        0  btn.o(.text.BTN_Get)
    [Anonymous Symbol]                       0x000006d4   Section        0  btn.o(.text.BTN_Initialize)
    [Anonymous Symbol]                       0x0000071c   Section        0  btn.o(.text.BTN_SetupInt)
    [Anonymous Symbol]                       0x00000774   Section        0  lcd.o(.text.DelayUs)
    [Anonymous Symbol]                       0x00000788   Section        0  btn.o(.text.GPIOA_Handler)
    [Anonymous Symbol]                       0x000007ac   Section        0  timers.o(.text.Init_Timer0)
    [Anonymous Symbol]                       0x00000830   Section        0  timers.o(.text.Init_Timer2)
    [Anonymous Symbol]                       0x0000089c   Section        0  lcd.o(.text.LCD_Clear)
    [Anonymous Symbol]                       0x000008bc   Section        0  lcd.o(.text.LCD_Init)
    [Anonymous Symbol]                       0x0000096c   Section        0  lcd.o(.text.LCD_OutChar)
    [Anonymous Symbol]                       0x000009a0   Section        0  lcd.o(.text.LCD_OutString)
    [Anonymous Symbol]                       0x000009c0   Section        0  lcd.o(.text.LCD_OutUDec)
    [Anonymous Symbol]                       0x000009f0   Section        0  lcd.o(.text.LCD_ReturnHome)
    [Anonymous Symbol]                       0x00000a04   Section        0  lcd.o(.text.LCD_setCursor)
    [Anonymous Symbol]                       0x00000a3c   Section        0  pwm.o(.text.Max_duty_cycle)
    [Anonymous Symbol]                       0x00000a4c   Section        0  pwm.o(.text.Min_duty_cycle)
    [Anonymous Symbol]                       0x00000a5c   Section        0  lcd.o(.text.OutCmd)
    [Anonymous Symbol]                       0x00000a90   Section        0  pwm.o(.text.PWM_config)
    [Anonymous Symbol]                       0x00000b10   Section        0  serial.o(.text.SER_Initialize)
    [Anonymous Symbol]                       0x00000bb8   Section        0  serial.o(.text.SER_OutString)
    [Anonymous Symbol]                       0x00000bd8   Section        0  serial.o(.text.SER_PutChar)
    [Anonymous Symbol]                       0x00000bec   Section        0  serial.o(.text.SER_PutDec)
    [Anonymous Symbol]                       0x00000c1c   Section        0  timers.o(.text.Start_Timer0)
    [Anonymous Symbol]                       0x00000c2c   Section        0  timers.o(.text.Start_Timer2)
    [Anonymous Symbol]                       0x00000c40   Section        0  timers.o(.text.Stop_Timer0)
    [Anonymous Symbol]                       0x00000c54   Section        0  lcd.o(.text.SysCtlDelay)
    SysTick_Config                           0x00000c61   Thumb Code    36  systick.o(.text.SysTick_Config)
    [Anonymous Symbol]                       0x00000c60   Section        0  systick.o(.text.SysTick_Config)
    [Anonymous Symbol]                       0x00000c84   Section        0  systick.o(.text.SysTick_Handler)
    [Anonymous Symbol]                       0x00000c94   Section        0  system_tm4c129.o(.text.SystemCoreClockUpdate)
    [Anonymous Symbol]                       0x00000ca8   Section        0  system_tm4c129.o(.text.SystemInit)
    [Anonymous Symbol]                       0x00000ccc   Section        0  timers.o(.text.TIMER0A_Handler)
    [Anonymous Symbol]                       0x00000cec   Section        0  timers.o(.text.TIMER1A_Handler)
    [Anonymous Symbol]                       0x00000d0c   Section        0  timers.o(.text.TIMER2A_Handler)
    __NVIC_DisableIRQ                        0x00000d2d   Thumb Code    22  btn.o(.text.__NVIC_DisableIRQ)
    [Anonymous Symbol]                       0x00000d2c   Section        0  btn.o(.text.__NVIC_DisableIRQ)
    __NVIC_EnableIRQ                         0x00000d45   Thumb Code    22  timers.o(.text.__NVIC_EnableIRQ)
    [Anonymous Symbol]                       0x00000d44   Section        0  timers.o(.text.__NVIC_EnableIRQ)
    __NVIC_EnableIRQ                         0x00000d5d   Thumb Code    14  btn.o(.text.__NVIC_EnableIRQ)
    [Anonymous Symbol]                       0x00000d5c   Section        0  btn.o(.text.__NVIC_EnableIRQ)
    __NVIC_SetPriority                       0x00000d6d   Thumb Code    16  timers.o(.text.__NVIC_SetPriority)
    [Anonymous Symbol]                       0x00000d6c   Section        0  timers.o(.text.__NVIC_SetPriority)
    __NVIC_SetPriority                       0x00000d7d   Thumb Code    14  btn.o(.text.__NVIC_SetPriority)
    [Anonymous Symbol]                       0x00000d7c   Section        0  btn.o(.text.__NVIC_SetPriority)
    __NVIC_SetPriority                       0x00000d8d   Thumb Code    14  systick.o(.text.__NVIC_SetPriority)
    [Anonymous Symbol]                       0x00000d8c   Section        0  systick.o(.text.__NVIC_SetPriority)
    [Anonymous Symbol]                       0x00000d9c   Section        0  pwm.o(.text.aumentar_duty_cycle)
    [Anonymous Symbol]                       0x00000db8   Section        0  encoder.o(.text.check_Encoder)
    [Anonymous Symbol]                       0x00000de4   Section        0  main.o(.text.debounceClock)
    [Anonymous Symbol]                       0x00000e5c   Section        0  pwm.o(.text.disminuir_duty_cycle)
    [Anonymous Symbol]                       0x00000e70   Section        0  main.o(.text.handleButtons)
    [Anonymous Symbol]                       0x00000e7c   Section        0  systick.o(.text.initSysTick1ms)
    [Anonymous Symbol]                       0x00000ea0   Section        0  encoder.o(.text.init_Encoder)
    [Anonymous Symbol]                       0x00000ee8   Section        0  main.o(.text.main)
    [Anonymous Symbol]                       0x00000f50   Section        0  main.o(.text.measureTime)
    [Anonymous Symbol]                       0x00001038   Section        0  encoder.o(.text.measure_Speed)
    $v0                                      0x00001060   Number         0  fpinit.o(x$fpl$fpinit)
    x$fpl$fpinit                             0x00001060   Section       26  fpinit.o(x$fpl$fpinit)
    userSpeed                                0x20000004   Data           4  main.o(.data.userSpeed)
    [Anonymous Symbol]                       0x20000004   Section        0  main.o(.data.userSpeed)
    .bss                                     0x20000008   Section       96  libspace.o(.bss)
    IntTask                                  0x20000068   Data           4  btn.o(.bss.IntTask)
    [Anonymous Symbol]                       0x20000068   Section        0  btn.o(.bss.IntTask)
    PeriodicTask                             0x2000006c   Data           4  timers.o(.bss.PeriodicTask)
    [Anonymous Symbol]                       0x2000006c   Section        0  timers.o(.bss.PeriodicTask)
    PeriodicTaskB                            0x20000070   Data           4  timers.o(.bss.PeriodicTaskB)
    [Anonymous Symbol]                       0x20000070   Section        0  timers.o(.bss.PeriodicTaskB)
    PeriodicTaskC                            0x20000074   Data           4  timers.o(.bss.PeriodicTaskC)
    [Anonymous Symbol]                       0x20000074   Section        0  timers.o(.bss.PeriodicTaskC)
    currentSpeed                             0x20000078   Data           4  main.o(.bss.currentSpeed)
    [Anonymous Symbol]                       0x20000078   Section        0  main.o(.bss.currentSpeed)
    debounceTicks                            0x2000007c   Data           4  main.o(.bss.debounceTicks)
    [Anonymous Symbol]                       0x2000007c   Section        0  main.o(.bss.debounceTicks)
    pulses                                   0x20000088   Data           4  main.o(.bss.pulses)
    [Anonymous Symbol]                       0x20000088   Section        0  main.o(.bss.pulses)
    Heap_Mem                                 0x20000090   Data           0  startup_tm4c129.o(HEAP)
    Stack_Mem                                0x20000090   Data         512  startup_tm4c129.o(STACK)
    HEAP                                     0x20000090   Section        0  startup_tm4c129.o(HEAP)
    STACK                                    0x20000090   Section      512  startup_tm4c129.o(STACK)
    __initial_sp                             0x20000290   Data           0  startup_tm4c129.o(STACK)

    Global Symbols

    Symbol Name                              Value     Ov Type        Size  Object(Section)

    BuildAttributes$$THM_ISAv4$E$P$D$K$B$S$7EM$VFPi3$EXTD16$VFPS$VFMA$PE$A:L22UL41UL21$X:L11$S22US41US21$IEEE1$IW$~IW$USESV6$~STKCKD$USESV7$~SHL$OTIME$ROPI$EBA8$UX$STANDARDLIB$REQ8$PRES8$EABIv2 0x00000000   Number         0  anon$$obj.o ABSOLUTE
    __Vectors                                0x00000000   Data           4  startup_tm4c129.o(RESET)
    _printf_flags                            0x00000000   Number         0  printf_stubs.o ABSOLUTE
    _printf_return_value                     0x00000000   Number         0  printf_stubs.o ABSOLUTE
    _printf_sizespec                         0x00000000   Number         0  printf_stubs.o ABSOLUTE
    _printf_widthprec                        0x00000000   Number         0  printf_stubs.o ABSOLUTE
    __ARM_exceptions_init                     - Undefined Weak Reference
    __alloca_initialize                       - Undefined Weak Reference
    __arm_preinit_                            - Undefined Weak Reference
    __cpp_initialize__aeabi_                  - Undefined Weak Reference
    __cxa_finalize                            - Undefined Weak Reference
    __rt_locale                               - Undefined Weak Reference
    __sigvec_lookup                           - Undefined Weak Reference
    __user_heap_extent                        - Undefined Weak Reference
    _atexit_init                              - Undefined Weak Reference
    _call_atexit_fns                          - Undefined Weak Reference
    _clock_init                               - Undefined Weak Reference
    _fp_trap_init                             - Undefined Weak Reference
    _fp_trap_shutdown                         - Undefined Weak Reference
    _get_lc_collate                           - Undefined Weak Reference
    _get_lc_ctype                             - Undefined Weak Reference
    _get_lc_monetary                          - Undefined Weak Reference
    _get_lc_numeric                           - Undefined Weak Reference
    _get_lc_time                              - Undefined Weak Reference
    _getenv_init                              - Undefined Weak Reference
    _handle_redirection                       - Undefined Weak Reference
    _mutex_acquire                            - Undefined Weak Reference
    _mutex_free                               - Undefined Weak Reference
    _mutex_release                            - Undefined Weak Reference
    _printf_post_padding                      - Undefined Weak Reference
    _printf_pre_padding                       - Undefined Weak Reference
    _printf_truncate_signed                   - Undefined Weak Reference
    _printf_truncate_unsigned                 - Undefined Weak Reference
    _rand_init                                - Undefined Weak Reference
    _signal_finish                            - Undefined Weak Reference
    _signal_init                              - Undefined Weak Reference
    __Vectors_End                            0x00000200   Data           0  startup_tm4c129.o(RESET)
    __Vectors_Size                           0x00000200   Number         0  startup_tm4c129.o ABSOLUTE
    __main                                   0x00000201   Thumb Code     8  __main.o(!!!main)
    __scatterload                            0x00000209   Thumb Code     0  __scatter.o(!!!scatter)
    __scatterload_rt2                        0x00000209   Thumb Code    44  __scatter.o(!!!scatter)
    __scatterload_rt2_thumb_only             0x00000209   Thumb Code     0  __scatter.o(!!!scatter)
    __scatterload_null                       0x00000217   Thumb Code     0  __scatter.o(!!!scatter)
    __scatterload_copy                       0x0000023d   Thumb Code    26  __scatter_copy.o(!!handler_copy)
    __scatterload_zeroinit                   0x00000259   Thumb Code    28  __scatter_zi.o(!!handler_zi)
    _printf_ll                               0x00000275   Thumb Code     0  _printf_ll.o(.ARM.Collect$$_printf_percent$$00000007)
    _printf_percent                          0x00000275   Thumb Code     0  _printf_percent.o(.ARM.Collect$$_printf_percent$$00000000)
    _printf_d                                0x0000027f   Thumb Code     0  _printf_d.o(.ARM.Collect$$_printf_percent$$00000009)
    _printf_u                                0x00000285   Thumb Code     0  _printf_u.o(.ARM.Collect$$_printf_percent$$0000000A)
    _printf_llu                              0x0000028b   Thumb Code     0  _printf_llu.o(.ARM.Collect$$_printf_percent$$0000000F)
    _printf_percent_end                      0x00000291   Thumb Code     0  _printf_percent_end.o(.ARM.Collect$$_printf_percent$$00000017)
    __rt_lib_init                            0x00000295   Thumb Code     0  libinit.o(.ARM.Collect$$libinit$$00000000)
    __rt_lib_init_fp_1                       0x00000297   Thumb Code     0  libinit2.o(.ARM.Collect$$libinit$$00000001)
    __rt_lib_init_alloca_1                   0x0000029b   Thumb Code     0  libinit2.o(.ARM.Collect$$libinit$$0000002E)
    __rt_lib_init_argv_1                     0x0000029b   Thumb Code     0  libinit2.o(.ARM.Collect$$libinit$$0000002C)
    __rt_lib_init_atexit_1                   0x0000029b   Thumb Code     0  libinit2.o(.ARM.Collect$$libinit$$0000001B)
    __rt_lib_init_clock_1                    0x0000029b   Thumb Code     0  libinit2.o(.ARM.Collect$$libinit$$00000021)
    __rt_lib_init_cpp_1                      0x0000029b   Thumb Code     0  libinit2.o(.ARM.Collect$$libinit$$00000032)
    __rt_lib_init_exceptions_1               0x0000029b   Thumb Code     0  libinit2.o(.ARM.Collect$$libinit$$00000030)
    __rt_lib_init_fp_trap_1                  0x0000029b   Thumb Code     0  libinit2.o(.ARM.Collect$$libinit$$0000001F)
    __rt_lib_init_getenv_1                   0x0000029b   Thumb Code     0  libinit2.o(.ARM.Collect$$libinit$$00000023)
    __rt_lib_init_heap_1                     0x0000029b   Thumb Code     0  libinit2.o(.ARM.Collect$$libinit$$0000000A)
    __rt_lib_init_lc_collate_1               0x0000029b   Thumb Code     0  libinit2.o(.ARM.Collect$$libinit$$00000011)
    __rt_lib_init_lc_ctype_1                 0x0000029b   Thumb Code     0  libinit2.o(.ARM.Collect$$libinit$$00000013)
    __rt_lib_init_lc_monetary_1              0x0000029b   Thumb Code     0  libinit2.o(.ARM.Collect$$libinit$$00000015)
    __rt_lib_init_lc_numeric_1               0x0000029b   Thumb Code     0  libinit2.o(.ARM.Collect$$libinit$$00000017)
    __rt_lib_init_lc_time_1                  0x0000029b   Thumb Code     0  libinit2.o(.ARM.Collect$$libinit$$00000019)
    __rt_lib_init_preinit_1                  0x0000029b   Thumb Code     0  libinit2.o(.ARM.Collect$$libinit$$00000004)
    __rt_lib_init_rand_1                     0x0000029b   Thumb Code     0  libinit2.o(.ARM.Collect$$libinit$$0000000E)
    __rt_lib_init_return                     0x0000029b   Thumb Code     0  libinit2.o(.ARM.Collect$$libinit$$00000033)
    __rt_lib_init_signal_1                   0x0000029b   Thumb Code     0  libinit2.o(.ARM.Collect$$libinit$$0000001D)
    __rt_lib_init_stdio_1                    0x0000029b   Thumb Code     0  libinit2.o(.ARM.Collect$$libinit$$00000025)
    __rt_lib_init_user_alloc_1               0x0000029b   Thumb Code     0  libinit2.o(.ARM.Collect$$libinit$$0000000C)
    __rt_lib_shutdown                        0x0000029d   Thumb Code     0  libshutdown.o(.ARM.Collect$$libshutdown$$00000000)
    __rt_lib_shutdown_cpp_1                  0x0000029f   Thumb Code     0  libshutdown2.o(.ARM.Collect$$libshutdown$$00000002)
    __rt_lib_shutdown_fp_trap_1              0x0000029f   Thumb Code     0  libshutdown2.o(.ARM.Collect$$libshutdown$$00000007)
    __rt_lib_shutdown_heap_1                 0x0000029f   Thumb Code     0  libshutdown2.o(.ARM.Collect$$libshutdown$$0000000F)
    __rt_lib_shutdown_return                 0x0000029f   Thumb Code     0  libshutdown2.o(.ARM.Collect$$libshutdown$$00000010)
    __rt_lib_shutdown_signal_1               0x0000029f   Thumb Code     0  libshutdown2.o(.ARM.Collect$$libshutdown$$0000000A)
    __rt_lib_shutdown_stdio_1                0x0000029f   Thumb Code     0  libshutdown2.o(.ARM.Collect$$libshutdown$$00000004)
    __rt_lib_shutdown_user_alloc_1           0x0000029f   Thumb Code     0  libshutdown2.o(.ARM.Collect$$libshutdown$$0000000C)
    __rt_entry                               0x000002a1   Thumb Code     0  __rtentry.o(.ARM.Collect$$rtentry$$00000000)
    __rt_entry_presh_1                       0x000002a1   Thumb Code     0  __rtentry2.o(.ARM.Collect$$rtentry$$00000002)
    __rt_entry_sh                            0x000002a1   Thumb Code     0  __rtentry4.o(.ARM.Collect$$rtentry$$00000004)
    __rt_entry_li                            0x000002a7   Thumb Code     0  __rtentry2.o(.ARM.Collect$$rtentry$$0000000A)
    __rt_entry_postsh_1                      0x000002a7   Thumb Code     0  __rtentry2.o(.ARM.Collect$$rtentry$$00000009)
    __rt_entry_main                          0x000002ab   Thumb Code     0  __rtentry2.o(.ARM.Collect$$rtentry$$0000000D)
    __rt_entry_postli_1                      0x000002ab   Thumb Code     0  __rtentry2.o(.ARM.Collect$$rtentry$$0000000C)
    __rt_exit                                0x000002b3   Thumb Code     0  rtexit.o(.ARM.Collect$$rtexit$$00000000)
    __rt_exit_ls                             0x000002b5   Thumb Code     0  rtexit2.o(.ARM.Collect$$rtexit$$00000003)
    __rt_exit_prels_1                        0x000002b5   Thumb Code     0  rtexit2.o(.ARM.Collect$$rtexit$$00000002)
    __rt_exit_exit                           0x000002b9   Thumb Code     0  rtexit2.o(.ARM.Collect$$rtexit$$00000004)
    Reset_Handler                            0x000002c1   Thumb Code     8  startup_tm4c129.o(.text)
    NMI_Handler                              0x000002c9   Thumb Code     2  startup_tm4c129.o(.text)
    HardFault_Handler                        0x000002cb   Thumb Code     2  startup_tm4c129.o(.text)
    MemManage_Handler                        0x000002cd   Thumb Code     2  startup_tm4c129.o(.text)
    BusFault_Handler                         0x000002cf   Thumb Code     2  startup_tm4c129.o(.text)
    UsageFault_Handler                       0x000002d1   Thumb Code     2  startup_tm4c129.o(.text)
    SVC_Handler                              0x000002d3   Thumb Code     2  startup_tm4c129.o(.text)
    DebugMon_Handler                         0x000002d5   Thumb Code     2  startup_tm4c129.o(.text)
    PendSV_Handler                           0x000002d7   Thumb Code     2  startup_tm4c129.o(.text)
    GPIOB_Handler                            0x000002dd   Thumb Code     2  startup_tm4c129.o(.text)
    GPIOC_Handler                            0x000002df   Thumb Code     2  startup_tm4c129.o(.text)
    GPIOD_Handler                            0x000002e1   Thumb Code     2  startup_tm4c129.o(.text)
    GPIOE_Handler                            0x000002e3   Thumb Code     2  startup_tm4c129.o(.text)
    UART0_Handler                            0x000002e5   Thumb Code     2  startup_tm4c129.o(.text)
    UART1_Handler                            0x000002e7   Thumb Code     2  startup_tm4c129.o(.text)
    SSI0_Handler                             0x000002e9   Thumb Code     2  startup_tm4c129.o(.text)
    I2C0_Handler                             0x000002eb   Thumb Code     2  startup_tm4c129.o(.text)
    PMW0_FAULT_Handler                       0x000002ed   Thumb Code     2  startup_tm4c129.o(.text)
    PWM0_0_Handler                           0x000002ef   Thumb Code     2  startup_tm4c129.o(.text)
    PWM0_1_Handler                           0x000002f1   Thumb Code     2  startup_tm4c129.o(.text)
    PWM0_2_Handler                           0x000002f3   Thumb Code     2  startup_tm4c129.o(.text)
    QEI0_Handler                             0x000002f5   Thumb Code     2  startup_tm4c129.o(.text)
    ADC0SS0_Handler                          0x000002f7   Thumb Code     2  startup_tm4c129.o(.text)
    ADC0SS1_Handler                          0x000002f9   Thumb Code     2  startup_tm4c129.o(.text)
    ADC0SS2_Handler                          0x000002fb   Thumb Code     2  startup_tm4c129.o(.text)
    ADC0SS3_Handler                          0x000002fd   Thumb Code     2  startup_tm4c129.o(.text)
    WDT0_Handler                             0x000002ff   Thumb Code     2  startup_tm4c129.o(.text)
    TIMER0B_Handler                          0x00000303   Thumb Code     2  startup_tm4c129.o(.text)
    TIMER1B_Handler                          0x00000307   Thumb Code     2  startup_tm4c129.o(.text)
    TIMER2B_Handler                          0x0000030b   Thumb Code     2  startup_tm4c129.o(.text)
    COMP0_Handler                            0x0000030d   Thumb Code     2  startup_tm4c129.o(.text)
    COMP1_Handler                            0x0000030f   Thumb Code     2  startup_tm4c129.o(.text)
    COMP2_Handler                            0x00000311   Thumb Code     2  startup_tm4c129.o(.text)
    SYSCTL_Handler                           0x00000313   Thumb Code     2  startup_tm4c129.o(.text)
    FLASH_Handler                            0x00000315   Thumb Code     2  startup_tm4c129.o(.text)
    GPIOF_Handler                            0x00000317   Thumb Code     2  startup_tm4c129.o(.text)
    GPIOG_Handler                            0x00000319   Thumb Code     2  startup_tm4c129.o(.text)
    GPIOH_Handler                            0x0000031b   Thumb Code     2  startup_tm4c129.o(.text)
    UART2_Handler                            0x0000031d   Thumb Code     2  startup_tm4c129.o(.text)
    SSI1_Handler                             0x0000031f   Thumb Code     2  startup_tm4c129.o(.text)
    TIMER3A_Handler                          0x00000321   Thumb Code     2  startup_tm4c129.o(.text)
    TIMER3B_Handler                          0x00000323   Thumb Code     2  startup_tm4c129.o(.text)
    I2C1_Handler                             0x00000325   Thumb Code     2  startup_tm4c129.o(.text)
    CAN0_Handler                             0x00000327   Thumb Code     2  startup_tm4c129.o(.text)
    CAN1_Handler                             0x00000329   Thumb Code     2  startup_tm4c129.o(.text)
    ETH_Handler                              0x0000032b   Thumb Code     2  startup_tm4c129.o(.text)
    HIB_Handler                              0x0000032d   Thumb Code     2  startup_tm4c129.o(.text)
    USB0_Handler                             0x0000032f   Thumb Code     2  startup_tm4c129.o(.text)
    PWM0_3_Handler                           0x00000331   Thumb Code     2  startup_tm4c129.o(.text)
    UDMA_Handler                             0x00000333   Thumb Code     2  startup_tm4c129.o(.text)
    UDMAERR_Handler                          0x00000335   Thumb Code     2  startup_tm4c129.o(.text)
    ADC1SS0_Handler                          0x00000337   Thumb Code     2  startup_tm4c129.o(.text)
    ADC1SS1_Handler                          0x00000339   Thumb Code     2  startup_tm4c129.o(.text)
    ADC1SS2_Handler                          0x0000033b   Thumb Code     2  startup_tm4c129.o(.text)
    ADC1SS3_Handler                          0x0000033d   Thumb Code     2  startup_tm4c129.o(.text)
    EBI0_Handler                             0x0000033f   Thumb Code     2  startup_tm4c129.o(.text)
    GPIOJ_Handler                            0x00000341   Thumb Code     2  startup_tm4c129.o(.text)
    GPIOK_Handler                            0x00000343   Thumb Code     2  startup_tm4c129.o(.text)
    GPIOL_Handler                            0x00000345   Thumb Code     2  startup_tm4c129.o(.text)
    SSI2_Handler                             0x00000347   Thumb Code     2  startup_tm4c129.o(.text)
    SSI3_Handler                             0x00000349   Thumb Code     2  startup_tm4c129.o(.text)
    UART3_Handler                            0x0000034b   Thumb Code     2  startup_tm4c129.o(.text)
    UART4_Handler                            0x0000034d   Thumb Code     2  startup_tm4c129.o(.text)
    UART5_Handler                            0x0000034f   Thumb Code     2  startup_tm4c129.o(.text)
    UART6_Handler                            0x00000351   Thumb Code     2  startup_tm4c129.o(.text)
    UART7_Handler                            0x00000353   Thumb Code     2  startup_tm4c129.o(.text)
    I2C2_Handler                             0x00000355   Thumb Code     2  startup_tm4c129.o(.text)
    I2C3_Handler                             0x00000357   Thumb Code     2  startup_tm4c129.o(.text)
    TIMER4A_Handler                          0x00000359   Thumb Code     2  startup_tm4c129.o(.text)
    TIMER4B_Handler                          0x0000035b   Thumb Code     2  startup_tm4c129.o(.text)
    TIMER5A_Handler                          0x0000035d   Thumb Code     2  startup_tm4c129.o(.text)
    TIMER5B_Handler                          0x0000035f   Thumb Code     2  startup_tm4c129.o(.text)
    WTIMER0A_Handler                         0x00000361   Thumb Code     2  startup_tm4c129.o(.text)
    WTIMER0B_Handler                         0x00000363   Thumb Code     2  startup_tm4c129.o(.text)
    WTIMER1A_Handler                         0x00000365   Thumb Code     2  startup_tm4c129.o(.text)
    WTIMER1B_Handler                         0x00000367   Thumb Code     2  startup_tm4c129.o(.text)
    WTIMER2A_Handler                         0x00000369   Thumb Code     2  startup_tm4c129.o(.text)
    WTIMER2B_Handler                         0x0000036b   Thumb Code     2  startup_tm4c129.o(.text)
    WTIMER3A_Handler                         0x0000036d   Thumb Code     2  startup_tm4c129.o(.text)
    WTIMER3B_Handler                         0x0000036f   Thumb Code     2  startup_tm4c129.o(.text)
    WTIMER4A_Handler                         0x00000371   Thumb Code     2  startup_tm4c129.o(.text)
    WTIMER4B_Handler                         0x00000373   Thumb Code     2  startup_tm4c129.o(.text)
    WTIMER5A_Handler                         0x00000375   Thumb Code     2  startup_tm4c129.o(.text)
    WTIMER5B_Handler                         0x00000377   Thumb Code     2  startup_tm4c129.o(.text)
    FPU_Handler                              0x00000379   Thumb Code     2  startup_tm4c129.o(.text)
    I2C4_Handler                             0x0000037b   Thumb Code     2  startup_tm4c129.o(.text)
    I2C5_Handler                             0x0000037d   Thumb Code     2  startup_tm4c129.o(.text)
    GPIOM_Handler                            0x0000037f   Thumb Code     2  startup_tm4c129.o(.text)
    GPION_Handler                            0x00000381   Thumb Code     2  startup_tm4c129.o(.text)
    TAMPER_Handler                           0x00000383   Thumb Code     2  startup_tm4c129.o(.text)
    GPIOP0_Handler                           0x00000385   Thumb Code     2  startup_tm4c129.o(.text)
    GPIOP1_Handler                           0x00000387   Thumb Code     2  startup_tm4c129.o(.text)
    GPIOP2_Handler                           0x00000389   Thumb Code     2  startup_tm4c129.o(.text)
    GPIOP3_Handler                           0x0000038b   Thumb Code     2  startup_tm4c129.o(.text)
    GPIOP4_Handler                           0x0000038d   Thumb Code     2  startup_tm4c129.o(.text)
    GPIOP5_Handler                           0x0000038f   Thumb Code     2  startup_tm4c129.o(.text)
    GPIOP6_Handler                           0x00000391   Thumb Code     2  startup_tm4c129.o(.text)
    GPIOP7_Handler                           0x00000393   Thumb Code     2  startup_tm4c129.o(.text)
    GPIOQ0_Handler                           0x00000395   Thumb Code     2  startup_tm4c129.o(.text)
    GPIOQ1_Handler                           0x00000397   Thumb Code     2  startup_tm4c129.o(.text)
    GPIOQ2_Handler                           0x00000399   Thumb Code     2  startup_tm4c129.o(.text)
    GPIOQ3_Handler                           0x0000039b   Thumb Code     2  startup_tm4c129.o(.text)
    GPIOQ4_Handler                           0x0000039d   Thumb Code     2  startup_tm4c129.o(.text)
    GPIOQ5_Handler                           0x0000039f   Thumb Code     2  startup_tm4c129.o(.text)
    GPIOQ6_Handler                           0x000003a1   Thumb Code     2  startup_tm4c129.o(.text)
    GPIOQ7_Handler                           0x000003a3   Thumb Code     2  startup_tm4c129.o(.text)
    GPIOR_Handler                            0x000003a5   Thumb Code     2  startup_tm4c129.o(.text)
    GPIOS_Handler                            0x000003a7   Thumb Code     2  startup_tm4c129.o(.text)
    SHAMD5_Handler                           0x000003a9   Thumb Code     2  startup_tm4c129.o(.text)
    AES_Handler                              0x000003ab   Thumb Code     2  startup_tm4c129.o(.text)
    DES3DES_Handler                          0x000003ad   Thumb Code     2  startup_tm4c129.o(.text)
    LCDCONTROLLER_Handler                    0x000003af   Thumb Code     2  startup_tm4c129.o(.text)
    TIMER6A_Handler                          0x000003b1   Thumb Code     2  startup_tm4c129.o(.text)
    TIMER6B_Handler                          0x000003b3   Thumb Code     2  startup_tm4c129.o(.text)
    TIMER7A_Handler                          0x000003b5   Thumb Code     2  startup_tm4c129.o(.text)
    TIMER7B_Handler                          0x000003b7   Thumb Code     2  startup_tm4c129.o(.text)
    I2C6_Handler                             0x000003b9   Thumb Code     2  startup_tm4c129.o(.text)
    I2C7_Handler                             0x000003bb   Thumb Code     2  startup_tm4c129.o(.text)
    HIMSCANKEYBOARD_Handler                  0x000003bd   Thumb Code     2  startup_tm4c129.o(.text)
    ONEWIRE_Handler                          0x000003bf   Thumb Code     2  startup_tm4c129.o(.text)
    HIMPS2_Handler                           0x000003c1   Thumb Code     2  startup_tm4c129.o(.text)
    HIMLEDSEQUENCER_Handler                  0x000003c3   Thumb Code     2  startup_tm4c129.o(.text)
    HIMCONSUMERIR_Handler                    0x000003c5   Thumb Code     2  startup_tm4c129.o(.text)
    I2C8_Handler                             0x000003c7   Thumb Code     2  startup_tm4c129.o(.text)
    I2C9_Handler                             0x000003c9   Thumb Code     2  startup_tm4c129.o(.text)
    GPIOT_Handler                            0x000003cb   Thumb Code     2  startup_tm4c129.o(.text)
    __user_initial_stackheap                 0x000003cd   Thumb Code     0  startup_tm4c129.o(.text)
    _printf_int_dec                          0x000003ed   Thumb Code   104  _printf_dec.o(.text)
    _printf_longlong_dec                     0x00000465   Thumb Code   108  _printf_longlong_dec.o(.text)
    __use_two_region_memory                  0x000004e1   Thumb Code     2  heapauxi.o(.text)
    __rt_heap_escrow                         0x000004e3   Thumb Code     2  heapauxi.o(.text)
    __rt_heap_expand                         0x000004e5   Thumb Code     2  heapauxi.o(.text)
    _ll_udiv10                               0x000004e7   Thumb Code   138  lludiv10.o(.text)
    _printf_int_common                       0x00000571   Thumb Code   178  _printf_intcommon.o(.text)
    __user_setup_stackheap                   0x00000623   Thumb Code    74  sys_stackheap_outer.o(.text)
    exit                                     0x0000066d   Thumb Code    18  exit.o(.text)
    __user_libspace                          0x00000681   Thumb Code     8  libspace.o(.text)
    __user_perproc_libspace                  0x00000681   Thumb Code     0  libspace.o(.text)
    __user_perthread_libspace                0x00000681   Thumb Code     0  libspace.o(.text)
    _sys_exit                                0x00000689   Thumb Code     8  sys_exit.o(.text)
    __I$use$semihosting                      0x00000695   Thumb Code     0  use_no_semi.o(.text)
    __use_no_semihosting_swi                 0x00000695   Thumb Code     2  use_no_semi.o(.text)
    __semihosting_library_function           0x00000697   Thumb Code     0  indicate_semi.o(.text)
    BTN_DisableInt                           0x00000699   Thumb Code     8  btn.o(.text.BTN_DisableInt)
    BTN_EnableInt                            0x000006a1   Thumb Code     8  btn.o(.text.BTN_EnableInt)
    BTN_Get                                  0x000006a9   Thumb Code    44  btn.o(.text.BTN_Get)
    BTN_Initialize                           0x000006d5   Thumb Code    70  btn.o(.text.BTN_Initialize)
    BTN_SetupInt                             0x0000071d   Thumb Code    86  btn.o(.text.BTN_SetupInt)
    DelayUs                                  0x00000775   Thumb Code    20  lcd.o(.text.DelayUs)
    GPIOA_Handler                            0x00000789   Thumb Code    36  btn.o(.text.GPIOA_Handler)
    Init_Timer0                              0x000007ad   Thumb Code   132  timers.o(.text.Init_Timer0)
    Init_Timer2                              0x00000831   Thumb Code   108  timers.o(.text.Init_Timer2)
    LCD_Clear                                0x0000089d   Thumb Code    32  lcd.o(.text.LCD_Clear)
    LCD_Init                                 0x000008bd   Thumb Code   176  lcd.o(.text.LCD_Init)
    LCD_OutChar                              0x0000096d   Thumb Code    50  lcd.o(.text.LCD_OutChar)
    LCD_OutString                            0x000009a1   Thumb Code    32  lcd.o(.text.LCD_OutString)
    LCD_OutUDec                              0x000009c1   Thumb Code    48  lcd.o(.text.LCD_OutUDec)
    LCD_ReturnHome                           0x000009f1   Thumb Code    18  lcd.o(.text.LCD_ReturnHome)
    LCD_setCursor                            0x00000a05   Thumb Code    56  lcd.o(.text.LCD_setCursor)
    Max_duty_cycle                           0x00000a3d   Thumb Code    16  pwm.o(.text.Max_duty_cycle)
    Min_duty_cycle                           0x00000a4d   Thumb Code    14  pwm.o(.text.Min_duty_cycle)
    OutCmd                                   0x00000a5d   Thumb Code    50  lcd.o(.text.OutCmd)
    PWM_config                               0x00000a91   Thumb Code   126  pwm.o(.text.PWM_config)
    SER_Initialize                           0x00000b11   Thumb Code   168  serial.o(.text.SER_Initialize)
    SER_OutString                            0x00000bb9   Thumb Code    30  serial.o(.text.SER_OutString)
    SER_PutChar                              0x00000bd9   Thumb Code    20  serial.o(.text.SER_PutChar)
    SER_PutDec                               0x00000bed   Thumb Code    46  serial.o(.text.SER_PutDec)
    Start_Timer0                             0x00000c1d   Thumb Code    16  timers.o(.text.Start_Timer0)
    Start_Timer2                             0x00000c2d   Thumb Code    18  timers.o(.text.Start_Timer2)
    Stop_Timer0                              0x00000c41   Thumb Code    18  timers.o(.text.Stop_Timer0)
    SysCtlDelay                              0x00000c55   Thumb Code    10  lcd.o(.text.SysCtlDelay)
    SysTick_Handler                          0x00000c85   Thumb Code    16  systick.o(.text.SysTick_Handler)
    SystemCoreClockUpdate                    0x00000c95   Thumb Code    20  system_tm4c129.o(.text.SystemCoreClockUpdate)
    SystemInit                               0x00000ca9   Thumb Code    36  system_tm4c129.o(.text.SystemInit)
    TIMER0A_Handler                          0x00000ccd   Thumb Code    30  timers.o(.text.TIMER0A_Handler)
    TIMER1A_Handler                          0x00000ced   Thumb Code    32  timers.o(.text.TIMER1A_Handler)
    TIMER2A_Handler                          0x00000d0d   Thumb Code    32  timers.o(.text.TIMER2A_Handler)
    aumentar_duty_cycle                      0x00000d9d   Thumb Code    26  pwm.o(.text.aumentar_duty_cycle)
    check_Encoder                            0x00000db9   Thumb Code    42  encoder.o(.text.check_Encoder)
    debounceClock                            0x00000de5   Thumb Code   120  main.o(.text.debounceClock)
    disminuir_duty_cycle                     0x00000e5d   Thumb Code    20  pwm.o(.text.disminuir_duty_cycle)
    handleButtons                            0x00000e71   Thumb Code    12  main.o(.text.handleButtons)
    initSysTick1ms                           0x00000e7d   Thumb Code    36  systick.o(.text.initSysTick1ms)
    init_Encoder                             0x00000ea1   Thumb Code    70  encoder.o(.text.init_Encoder)
    main                                     0x00000ee9   Thumb Code   104  main.o(.text.main)
    measureTime                              0x00000f51   Thumb Code   232  main.o(.text.measureTime)
    measure_Speed                            0x00001039   Thumb Code    40  encoder.o(.text.measure_Speed)
    _fp_init                                 0x00001061   Thumb Code    26  fpinit.o(x$fpl$fpinit)
    __fplib_config_fpu_vfp                   0x00001079   Thumb Code     0  fpinit.o(x$fpl$fpinit)
    __fplib_config_pureend_doubles           0x00001079   Thumb Code     0  fpinit.o(x$fpl$fpinit)
    Region$$Table$$Base                      0x0000107c   Number         0  anon$$obj.o(Region$$Table)
    Region$$Table$$Limit                     0x0000109c   Number         0  anon$$obj.o(Region$$Table)
    SystemCoreClock                          0x20000000   Data           4  system_tm4c129.o(.data.SystemCoreClock)
    __libspace_start                         0x20000008   Data          96  libspace.o(.bss)
    __temporary_stack_top$libspace           0x20000068   Data           0  libspace.o(.bss)
    last_data                                0x20000080   Data           4  encoder.o(.bss.last_data)
    msTicks                                  0x20000084   Data           4  systick.o(.bss.msTicks)



==============================================================================

Memory Map of the image

  Image Entry point : 0x000002c1

  Load Region LR_1 (Base: 0x00000000, Size: 0x000010a4, Max: 0xffffffff, ABSOLUTE)

    Execution Region ER_RO (Exec base: 0x00000000, Load base: 0x00000000, Size: 0x0000109c, Max: 0xffffffff, ABSOLUTE)

    Exec Addr    Load Addr    Size         Type   Attr      Idx    E Section Name        Object

    0x00000000   0x00000000   0x00000200   Data   RO          212    RESET               startup_tm4c129.o
    0x00000200   0x00000200   0x00000008   Code   RO          271  * !!!main             c_w.l(__main.o)
    0x00000208   0x00000208   0x00000034   Code   RO          641    !!!scatter          c_w.l(__scatter.o)
    0x0000023c   0x0000023c   0x0000001a   Code   RO          643    !!handler_copy      c_w.l(__scatter_copy.o)
    0x00000256   0x00000256   0x00000002   PAD
    0x00000258   0x00000258   0x0000001c   Code   RO          645    !!handler_zi        c_w.l(__scatter_zi.o)
    0x00000274   0x00000274   0x00000000   Code   RO          267    .ARM.Collect$$_printf_percent$$00000000  c_w.l(_printf_percent.o)
    0x00000274   0x00000274   0x0000000a   Code   RO          285    .ARM.Collect$$_printf_percent$$00000007  c_w.l(_printf_ll.o)
    0x0000027e   0x0000027e   0x00000006   Code   RO          265    .ARM.Collect$$_printf_percent$$00000009  c_w.l(_printf_d.o)
    0x00000284   0x00000284   0x00000006   Code   RO          266    .ARM.Collect$$_printf_percent$$0000000A  c_w.l(_printf_u.o)
    0x0000028a   0x0000028a   0x00000006   Code   RO          268    .ARM.Collect$$_printf_percent$$0000000F  c_w.l(_printf_llu.o)
    0x00000290   0x00000290   0x00000004   Code   RO          284    .ARM.Collect$$_printf_percent$$00000017  c_w.l(_printf_percent_end.o)
    0x00000294   0x00000294   0x00000002   Code   RO          420    .ARM.Collect$$libinit$$00000000  c_w.l(libinit.o)
    0x00000296   0x00000296   0x00000004   Code   RO          421    .ARM.Collect$$libinit$$00000001  c_w.l(libinit2.o)
    0x0000029a   0x0000029a   0x00000000   Code   RO          424    .ARM.Collect$$libinit$$00000004  c_w.l(libinit2.o)
    0x0000029a   0x0000029a   0x00000000   Code   RO          427    .ARM.Collect$$libinit$$0000000A  c_w.l(libinit2.o)
    0x0000029a   0x0000029a   0x00000000   Code   RO          429    .ARM.Collect$$libinit$$0000000C  c_w.l(libinit2.o)
    0x0000029a   0x0000029a   0x00000000   Code   RO          431    .ARM.Collect$$libinit$$0000000E  c_w.l(libinit2.o)
    0x0000029a   0x0000029a   0x00000000   Code   RO          434    .ARM.Collect$$libinit$$00000011  c_w.l(libinit2.o)
    0x0000029a   0x0000029a   0x00000000   Code   RO          436    .ARM.Collect$$libinit$$00000013  c_w.l(libinit2.o)
    0x0000029a   0x0000029a   0x00000000   Code   RO          438    .ARM.Collect$$libinit$$00000015  c_w.l(libinit2.o)
    0x0000029a   0x0000029a   0x00000000   Code   RO          440    .ARM.Collect$$libinit$$00000017  c_w.l(libinit2.o)
    0x0000029a   0x0000029a   0x00000000   Code   RO          442    .ARM.Collect$$libinit$$00000019  c_w.l(libinit2.o)
    0x0000029a   0x0000029a   0x00000000   Code   RO          444    .ARM.Collect$$libinit$$0000001B  c_w.l(libinit2.o)
    0x0000029a   0x0000029a   0x00000000   Code   RO          446    .ARM.Collect$$libinit$$0000001D  c_w.l(libinit2.o)
    0x0000029a   0x0000029a   0x00000000   Code   RO          448    .ARM.Collect$$libinit$$0000001F  c_w.l(libinit2.o)
    0x0000029a   0x0000029a   0x00000000   Code   RO          450    .ARM.Collect$$libinit$$00000021  c_w.l(libinit2.o)
    0x0000029a   0x0000029a   0x00000000   Code   RO          452    .ARM.Collect$$libinit$$00000023  c_w.l(libinit2.o)
    0x0000029a   0x0000029a   0x00000000   Code   RO          454    .ARM.Collect$$libinit$$00000025  c_w.l(libinit2.o)
    0x0000029a   0x0000029a   0x00000000   Code   RO          458    .ARM.Collect$$libinit$$0000002C  c_w.l(libinit2.o)
    0x0000029a   0x0000029a   0x00000000   Code   RO          460    .ARM.Collect$$libinit$$0000002E  c_w.l(libinit2.o)
    0x0000029a   0x0000029a   0x00000000   Code   RO          462    .ARM.Collect$$libinit$$00000030  c_w.l(libinit2.o)
    0x0000029a   0x0000029a   0x00000000   Code   RO          464    .ARM.Collect$$libinit$$00000032  c_w.l(libinit2.o)
    0x0000029a   0x0000029a   0x00000002   Code   RO          465    .ARM.Collect$$libinit$$00000033  c_w.l(libinit2.o)
    0x0000029c   0x0000029c   0x00000002   Code   RO          622    .ARM.Collect$$libshutdown$$00000000  c_w.l(libshutdown.o)
    0x0000029e   0x0000029e   0x00000000   Code   RO          467    .ARM.Collect$$libshutdown$$00000002  c_w.l(libshutdown2.o)
    0x0000029e   0x0000029e   0x00000000   Code   RO          469    .ARM.Collect$$libshutdown$$00000004  c_w.l(libshutdown2.o)
    0x0000029e   0x0000029e   0x00000000   Code   RO          472    .ARM.Collect$$libshutdown$$00000007  c_w.l(libshutdown2.o)
    0x0000029e   0x0000029e   0x00000000   Code   RO          475    .ARM.Collect$$libshutdown$$0000000A  c_w.l(libshutdown2.o)
    0x0000029e   0x0000029e   0x00000000   Code   RO          477    .ARM.Collect$$libshutdown$$0000000C  c_w.l(libshutdown2.o)
    0x0000029e   0x0000029e   0x00000000   Code   RO          480    .ARM.Collect$$libshutdown$$0000000F  c_w.l(libshutdown2.o)
    0x0000029e   0x0000029e   0x00000002   Code   RO          481    .ARM.Collect$$libshutdown$$00000010  c_w.l(libshutdown2.o)
    0x000002a0   0x000002a0   0x00000000   Code   RO          273    .ARM.Collect$$rtentry$$00000000  c_w.l(__rtentry.o)
    0x000002a0   0x000002a0   0x00000000   Code   RO          293    .ARM.Collect$$rtentry$$00000002  c_w.l(__rtentry2.o)
    0x000002a0   0x000002a0   0x00000006   Code   RO          305    .ARM.Collect$$rtentry$$00000004  c_w.l(__rtentry4.o)
    0x000002a6   0x000002a6   0x00000000   Code   RO          295    .ARM.Collect$$rtentry$$00000009  c_w.l(__rtentry2.o)
    0x000002a6   0x000002a6   0x00000004   Code   RO          296    .ARM.Collect$$rtentry$$0000000A  c_w.l(__rtentry2.o)
    0x000002aa   0x000002aa   0x00000000   Code   RO          298    .ARM.Collect$$rtentry$$0000000C  c_w.l(__rtentry2.o)
    0x000002aa   0x000002aa   0x00000008   Code   RO          299    .ARM.Collect$$rtentry$$0000000D  c_w.l(__rtentry2.o)
    0x000002b2   0x000002b2   0x00000002   Code   RO          491    .ARM.Collect$$rtexit$$00000000  c_w.l(rtexit.o)
    0x000002b4   0x000002b4   0x00000000   Code   RO          552    .ARM.Collect$$rtexit$$00000002  c_w.l(rtexit2.o)
    0x000002b4   0x000002b4   0x00000004   Code   RO          553    .ARM.Collect$$rtexit$$00000003  c_w.l(rtexit2.o)
    0x000002b8   0x000002b8   0x00000006   Code   RO          554    .ARM.Collect$$rtexit$$00000004  c_w.l(rtexit2.o)
    0x000002be   0x000002be   0x00000002   PAD
    0x000002c0   0x000002c0   0x0000012c   Code   RO          213  * .text               startup_tm4c129.o
    0x000003ec   0x000003ec   0x00000078   Code   RO          241    .text               c_w.l(_printf_dec.o)
    0x00000464   0x00000464   0x0000007c   Code   RO          243    .text               c_w.l(_printf_longlong_dec.o)
    0x000004e0   0x000004e0   0x00000006   Code   RO          269    .text               c_w.l(heapauxi.o)
    0x000004e6   0x000004e6   0x0000008a   Code   RO          278    .text               c_w.l(lludiv10.o)
    0x00000570   0x00000570   0x000000b2   Code   RO          280    .text               c_w.l(_printf_intcommon.o)
    0x00000622   0x00000622   0x0000004a   Code   RO          330    .text               c_w.l(sys_stackheap_outer.o)
    0x0000066c   0x0000066c   0x00000012   Code   RO          403    .text               c_w.l(exit.o)
    0x0000067e   0x0000067e   0x00000002   PAD
    0x00000680   0x00000680   0x00000008   Code   RO          488    .text               c_w.l(libspace.o)
    0x00000688   0x00000688   0x0000000c   Code   RO          544    .text               c_w.l(sys_exit.o)
    0x00000694   0x00000694   0x00000002   Code   RO          548    .text               c_w.l(use_no_semi.o)
    0x00000696   0x00000696   0x00000000   Code   RO          550    .text               c_w.l(indicate_semi.o)
    0x00000696   0x00000696   0x00000002   PAD
    0x00000698   0x00000698   0x00000008   Code   RO           94    .text.BTN_DisableInt  btn.o
    0x000006a0   0x000006a0   0x00000008   Code   RO           98    .text.BTN_EnableInt  btn.o
    0x000006a8   0x000006a8   0x0000002c   Code   RO           86    .text.BTN_Get       btn.o
    0x000006d4   0x000006d4   0x00000046   Code   RO           84    .text.BTN_Initialize  btn.o
    0x0000071a   0x0000071a   0x00000002   PAD
    0x0000071c   0x0000071c   0x00000056   Code   RO           88    .text.BTN_SetupInt  btn.o
    0x00000772   0x00000772   0x00000002   PAD
    0x00000774   0x00000774   0x00000014   Code   RO          115    .text.DelayUs       lcd.o
    0x00000788   0x00000788   0x00000024   Code   RO          100    .text.GPIOA_Handler  btn.o
    0x000007ac   0x000007ac   0x00000084   Code   RO           47    .text.Init_Timer0   timers.o
    0x00000830   0x00000830   0x0000006c   Code   RO           67    .text.Init_Timer2   timers.o
    0x0000089c   0x0000089c   0x00000020   Code   RO          121    .text.LCD_Clear     lcd.o
    0x000008bc   0x000008bc   0x000000b0   Code   RO          119    .text.LCD_Init      lcd.o
    0x0000096c   0x0000096c   0x00000032   Code   RO          123    .text.LCD_OutChar   lcd.o
    0x0000099e   0x0000099e   0x00000002   PAD
    0x000009a0   0x000009a0   0x00000020   Code   RO          125    .text.LCD_OutString  lcd.o
    0x000009c0   0x000009c0   0x00000030   Code   RO          127    .text.LCD_OutUDec   lcd.o
    0x000009f0   0x000009f0   0x00000012   Code   RO          133    .text.LCD_ReturnHome  lcd.o
    0x00000a02   0x00000a02   0x00000002   PAD
    0x00000a04   0x00000a04   0x00000038   Code   RO          135    .text.LCD_setCursor  lcd.o
    0x00000a3c   0x00000a3c   0x00000010   Code   RO           31    .text.Max_duty_cycle  pwm.o
    0x00000a4c   0x00000a4c   0x0000000e   Code   RO           33    .text.Min_duty_cycle  pwm.o
    0x00000a5a   0x00000a5a   0x00000002   PAD
    0x00000a5c   0x00000a5c   0x00000032   Code   RO          117    .text.OutCmd        lcd.o
    0x00000a8e   0x00000a8e   0x00000002   PAD
    0x00000a90   0x00000a90   0x0000007e   Code   RO           25    .text.PWM_config    pwm.o
    0x00000b0e   0x00000b0e   0x00000002   PAD
    0x00000b10   0x00000b10   0x000000a8   Code   RO          193    .text.SER_Initialize  serial.o
    0x00000bb8   0x00000bb8   0x0000001e   Code   RO          197    .text.SER_OutString  serial.o
    0x00000bd6   0x00000bd6   0x00000002   PAD
    0x00000bd8   0x00000bd8   0x00000014   Code   RO          195    .text.SER_PutChar   serial.o
    0x00000bec   0x00000bec   0x0000002e   Code   RO          199    .text.SER_PutDec    serial.o
    0x00000c1a   0x00000c1a   0x00000002   PAD
    0x00000c1c   0x00000c1c   0x00000010   Code   RO           53    .text.Start_Timer0  timers.o
    0x00000c2c   0x00000c2c   0x00000012   Code   RO           69    .text.Start_Timer2  timers.o
    0x00000c3e   0x00000c3e   0x00000002   PAD
    0x00000c40   0x00000c40   0x00000012   Code   RO           55    .text.Stop_Timer0   timers.o
    0x00000c52   0x00000c52   0x00000002   PAD
    0x00000c54   0x00000c54   0x0000000a   Code   RO          113    .text.SysCtlDelay   lcd.o
    0x00000c5e   0x00000c5e   0x00000002   PAD
    0x00000c60   0x00000c60   0x00000024   Code   RO          159    .text.SysTick_Config  systick.o
    0x00000c84   0x00000c84   0x00000010   Code   RO          145    .text.SysTick_Handler  systick.o
    0x00000c94   0x00000c94   0x00000014   Code   RO          220    .text.SystemCoreClockUpdate  system_tm4c129.o
    0x00000ca8   0x00000ca8   0x00000024   Code   RO          222    .text.SystemInit    system_tm4c129.o
    0x00000ccc   0x00000ccc   0x0000001e   Code   RO           45    .text.TIMER0A_Handler  timers.o
    0x00000cea   0x00000cea   0x00000002   PAD
    0x00000cec   0x00000cec   0x00000020   Code   RO           57    .text.TIMER1A_Handler  timers.o
    0x00000d0c   0x00000d0c   0x00000020   Code   RO           65    .text.TIMER2A_Handler  timers.o
    0x00000d2c   0x00000d2c   0x00000016   Code   RO           96    .text.__NVIC_DisableIRQ  btn.o
    0x00000d42   0x00000d42   0x00000002   PAD
    0x00000d44   0x00000d44   0x00000016   Code   RO           51    .text.__NVIC_EnableIRQ  timers.o
    0x00000d5a   0x00000d5a   0x00000002   PAD
    0x00000d5c   0x00000d5c   0x0000000e   Code   RO           92    .text.__NVIC_EnableIRQ  btn.o
    0x00000d6a   0x00000d6a   0x00000002   PAD
    0x00000d6c   0x00000d6c   0x00000010   Code   RO           49    .text.__NVIC_SetPriority  timers.o
    0x00000d7c   0x00000d7c   0x0000000e   Code   RO           90    .text.__NVIC_SetPriority  btn.o
    0x00000d8a   0x00000d8a   0x00000002   PAD
    0x00000d8c   0x00000d8c   0x0000000e   Code   RO          165    .text.__NVIC_SetPriority  systick.o
    0x00000d9a   0x00000d9a   0x00000002   PAD
    0x00000d9c   0x00000d9c   0x0000001a   Code   RO           27    .text.aumentar_duty_cycle  pwm.o
    0x00000db6   0x00000db6   0x00000002   PAD
    0x00000db8   0x00000db8   0x0000002a   Code   RO          180    .text.check_Encoder  encoder.o
    0x00000de2   0x00000de2   0x00000002   PAD
    0x00000de4   0x00000de4   0x00000078   Code   RO            6    .text.debounceClock  main.o
    0x00000e5c   0x00000e5c   0x00000014   Code   RO           29    .text.disminuir_duty_cycle  pwm.o
    0x00000e70   0x00000e70   0x0000000c   Code   RO            4    .text.handleButtons  main.o
    0x00000e7c   0x00000e7c   0x00000024   Code   RO          157    .text.initSysTick1ms  systick.o
    0x00000ea0   0x00000ea0   0x00000046   Code   RO          178    .text.init_Encoder  encoder.o
    0x00000ee6   0x00000ee6   0x00000002   PAD
    0x00000ee8   0x00000ee8   0x00000068   Code   RO           10    .text.main          main.o
    0x00000f50   0x00000f50   0x000000e8   Code   RO            8    .text.measureTime   main.o
    0x00001038   0x00001038   0x00000028   Code   RO          182    .text.measure_Speed  encoder.o
    0x00001060   0x00001060   0x0000001a   Code   RO          542    x$fpl$fpinit        fz_wm.l(fpinit.o)
    0x0000107a   0x0000107a   0x00000002   PAD
    0x0000107c   0x0000107c   0x00000020   Data   RO          640    Region$$Table       anon$$obj.o


    Execution Region ER_RW (Exec base: 0x20000000, Load base: 0x0000109c, Size: 0x00000008, Max: 0xffffffff, ABSOLUTE)

    Exec Addr    Load Addr    Size         Type   Attr      Idx    E Section Name        Object

    0x20000000   0x0000109c   0x00000004   Data   RW          224    .data.SystemCoreClock  system_tm4c129.o
    0x20000004   0x000010a0   0x00000004   Data   RW           13    .data.userSpeed     main.o


    Execution Region ER_ZI (Exec base: 0x20000008, Load base: 0x000010a4, Size: 0x00000288, Max: 0xffffffff, ABSOLUTE)

    Exec Addr    Load Addr    Size         Type   Attr      Idx    E Section Name        Object

    0x20000008        -       0x00000060   Zero   RW          489    .bss                c_w.l(libspace.o)
    0x20000068        -       0x00000004   Zero   RW          102    .bss.IntTask        btn.o
    0x2000006c        -       0x00000004   Zero   RW           73    .bss.PeriodicTask   timers.o
    0x20000070        -       0x00000004   Zero   RW           74    .bss.PeriodicTaskB  timers.o
    0x20000074        -       0x00000004   Zero   RW           75    .bss.PeriodicTaskC  timers.o
    0x20000078        -       0x00000004   Zero   RW           15    .bss.currentSpeed   main.o
    0x2000007c        -       0x00000004   Zero   RW           12    .bss.debounceTicks  main.o
    0x20000080        -       0x00000004   Zero   RW          184    .bss.last_data      encoder.o
    0x20000084        -       0x00000004   Zero   RW          168    .bss.msTicks        systick.o
    0x20000088        -       0x00000004   Zero   RW           14    .bss.pulses         main.o
    0x2000008c   0x000010a4   0x00000004   PAD
    0x20000090        -       0x00000000   Zero   RW          211    HEAP                startup_tm4c129.o
    0x20000090        -       0x00000200   Zero   RW          210    STACK               startup_tm4c129.o


==============================================================================

Image component sizes


      Code (inc. data)   RO Data    RW Data    ZI Data      Debug   Object Name

       302          0          0          0          4      10782   btn.o
       152          4          0          0          4       7329   encoder.o
       492          0          0          0          0       8818   lcd.o
       468         72          0          4         12       1423   main.o
       202          0          0          0          0       1442   pwm.o
       264          0          0          0          0       7912   serial.o
       300         22        512          0        512       6012   startup_tm4c129.o
        56          0          0          4          0       1373   system_tm4c129.o
       102          0          0          0          4       6074   systick.o
       424          0          0          0         12      11560   timers.o

    ----------------------------------------------------------------------
      2804         98        544          8        552      62725   Object Totals
         0          0         32          0          0          0   (incl. Generated)
        42          0          0          0          4          0   (incl. Padding)

    ----------------------------------------------------------------------

      Code (inc. data)   RO Data    RW Data    ZI Data      Debug   Library Member Name

         8          0          0          0          0         68   __main.o
         0          0          0          0          0          0   __rtentry.o
        12          0          0          0          0          0   __rtentry2.o
         6          0          0          0          0          0   __rtentry4.o
        52          8          0          0          0          0   __scatter.o
        26          0          0          0          0          0   __scatter_copy.o
        28          0          0          0          0          0   __scatter_zi.o
         6          0          0          0          0          0   _printf_d.o
       120         16          0          0          0         92   _printf_dec.o
       178          0          0          0          0         88   _printf_intcommon.o
        10          0          0          0          0          0   _printf_ll.o
         6          0          0          0          0          0   _printf_llu.o
       124         16          0          0          0         92   _printf_longlong_dec.o
         0          0          0          0          0          0   _printf_percent.o
         4          0          0          0          0          0   _printf_percent_end.o
         6          0          0          0          0          0   _printf_u.o
        18          0          0          0          0         80   exit.o
         6          0          0          0          0        152   heapauxi.o
         0          0          0          0          0          0   indicate_semi.o
         2          0          0          0          0          0   libinit.o
         6          0          0          0          0          0   libinit2.o
         2          0          0          0          0          0   libshutdown.o
         2          0          0          0          0          0   libshutdown2.o
         8          4          0          0         96         68   libspace.o
       138          0          0          0          0         80   lludiv10.o
         2          0          0          0          0          0   rtexit.o
        10          0          0          0          0          0   rtexit2.o
        12          4          0          0          0         68   sys_exit.o
        74          0          0          0          0         80   sys_stackheap_outer.o
         2          0          0          0          0         68   use_no_semi.o
        26          0          0          0          0        116   fpinit.o

    ----------------------------------------------------------------------
       904         48          0          0         96       1052   Library Totals
        10          0          0          0          0          0   (incl. Padding)

    ----------------------------------------------------------------------

      Code (inc. data)   RO Data    RW Data    ZI Data      Debug   Library Name

       868         48          0          0         96        936   c_w.l
        26          0          0          0          0        116   fz_wm.l

    ----------------------------------------------------------------------
       904         48          0          0         96       1052   Library Totals

    ----------------------------------------------------------------------

==============================================================================


      Code (inc. data)   RO Data    RW Data    ZI Data      Debug   

      3708        146        544          8        648      63285   Grand Totals
      3708        146        544          8        648      63285   ELF Image Totals
      3708        146        544          8          0          0   ROM Totals

==============================================================================

    Total RO  Size (Code + RO Data)                 4252 (   4.15kB)
    Total RW  Size (RW Data + ZI Data)               656 (   0.64kB)
    Total ROM Size (Code + RO Data + RW Data)       4260 (   4.16kB)

==============================================================================

